Component: ARM Compiler 5.06 update 7 (build 960) Tool: armlink [4d3601]

==============================================================================

Section Cross References

    startup_stm32h747xx_cm7.o(STACK) refers (Special) to heapauxi.o(.text) for __use_two_region_memory
    startup_stm32h747xx_cm7.o(HEAP) refers (Special) to heapauxi.o(.text) for __use_two_region_memory
    startup_stm32h747xx_cm7.o(RESET) refers (Special) to heapauxi.o(.text) for __use_two_region_memory
    startup_stm32h747xx_cm7.o(RESET) refers to startup_stm32h747xx_cm7.o(STACK) for __initial_sp
    startup_stm32h747xx_cm7.o(RESET) refers to startup_stm32h747xx_cm7.o(.text) for Reset_Handler
    startup_stm32h747xx_cm7.o(RESET) refers to stm32h7xx_it_1.o(i.NMI_Handler) for NMI_Handler
    startup_stm32h747xx_cm7.o(RESET) refers to stm32h7xx_it_1.o(i.HardFault_Handler) for HardFault_Handler
    startup_stm32h747xx_cm7.o(RESET) refers to stm32h7xx_it_1.o(i.MemManage_Handler) for MemManage_Handler
    startup_stm32h747xx_cm7.o(RESET) refers to stm32h7xx_it_1.o(i.BusFault_Handler) for BusFault_Handler
    startup_stm32h747xx_cm7.o(RESET) refers to stm32h7xx_it_1.o(i.UsageFault_Handler) for UsageFault_Handler
    startup_stm32h747xx_cm7.o(RESET) refers to stm32h7xx_it_1.o(i.SVC_Handler) for SVC_Handler
    startup_stm32h747xx_cm7.o(RESET) refers to stm32h7xx_it_1.o(i.DebugMon_Handler) for DebugMon_Handler
    startup_stm32h747xx_cm7.o(RESET) refers to stm32h7xx_it_1.o(i.PendSV_Handler) for PendSV_Handler
    startup_stm32h747xx_cm7.o(RESET) refers to stm32h7xx_it_1.o(i.SysTick_Handler) for SysTick_Handler
    startup_stm32h747xx_cm7.o(RESET) refers to stm32h7xx_it_1.o(i.DMA1_Stream0_IRQHandler) for DMA1_Stream0_IRQHandler
    startup_stm32h747xx_cm7.o(RESET) refers to stm32h7xx_it_1.o(i.DMA1_Stream1_IRQHandler) for DMA1_Stream1_IRQHandler
    startup_stm32h747xx_cm7.o(RESET) refers to stm32h7xx_it_1.o(i.TIM8_TRG_COM_TIM14_IRQHandler) for TIM8_TRG_COM_TIM14_IRQHandler
    startup_stm32h747xx_cm7.o(RESET) refers to stm32h7xx_it_1.o(i.DCMI_IRQHandler) for DCMI_IRQHandler
    startup_stm32h747xx_cm7.o(.text) refers (Special) to heapauxi.o(.text) for __use_two_region_memory
    startup_stm32h747xx_cm7.o(.text) refers to system_stm32h7xx_dualcore_boot_cm4_cm7.o(i.SystemInit) for SystemInit
    startup_stm32h747xx_cm7.o(.text) refers to __main.o(!!!main) for __main
    startup_stm32h747xx_cm7.o(.text) refers to startup_stm32h747xx_cm7.o(HEAP) for Heap_Mem
    startup_stm32h747xx_cm7.o(.text) refers to startup_stm32h747xx_cm7.o(STACK) for Stack_Mem
    main_1.o(i.Get_uTick) refers to main_1.o(.bss) for .bss
    main_1.o(i.Get_uTick) refers to main_1.o(.data) for .data
    main_1.o(i.HAL_DCMI_FrameEventCallback) refers to main_1.o(i.Get_uTick) for Get_uTick
    main_1.o(i.HAL_DCMI_FrameEventCallback) refers to main_1.o(.data) for .data
    main_1.o(i.HAL_DCMI_LineEventCallback) refers to main_1.o(i.Get_uTick) for Get_uTick
    main_1.o(i.HAL_DCMI_LineEventCallback) refers to main_1.o(.data) for .data
    main_1.o(i.HAL_DCMI_VsyncEventCallback) refers to main_1.o(i.Get_uTick) for Get_uTick
    main_1.o(i.HAL_DCMI_VsyncEventCallback) refers to main_1.o(.data) for .data
    main_1.o(i.HAL_TIM_PeriodElapsedCallback) refers to main_1.o(.bss) for .bss
    main_1.o(i.HAL_TIM_PeriodElapsedCallback) refers to main_1.o(.data) for .data
    main_1.o(i.MX_DCMI_Init) refers to stm32h7xx_hal_dcmi.o(i.HAL_DCMI_Init) for HAL_DCMI_Init
    main_1.o(i.MX_DCMI_Init) refers to main_1.o(.bss) for .bss
    main_1.o(i.MX_GPIO_Init) refers to rt_memclr_w.o(.text) for __aeabi_memclr4
    main_1.o(i.MX_GPIO_Init) refers to stm32h7xx_hal_gpio.o(i.HAL_GPIO_Init) for HAL_GPIO_Init
    main_1.o(i.MX_TIM14_Init) refers to rt_memclr_w.o(.text) for __aeabi_memclr4
    main_1.o(i.MX_TIM14_Init) refers to stm32h7xx_hal_tim.o(i.HAL_TIM_Base_Init) for HAL_TIM_Base_Init
    main_1.o(i.MX_TIM14_Init) refers to stm32h7xx_hal_tim.o(i.HAL_TIM_OC_Init) for HAL_TIM_OC_Init
    main_1.o(i.MX_TIM14_Init) refers to stm32h7xx_hal_tim.o(i.HAL_TIM_OC_ConfigChannel) for HAL_TIM_OC_ConfigChannel
    main_1.o(i.MX_TIM14_Init) refers to main_1.o(.bss) for .bss
    main_1.o(i.MX_USART1_UART_Init) refers to stm32h7xx_hal_uart.o(i.HAL_UART_Init) for HAL_UART_Init
    main_1.o(i.MX_USART1_UART_Init) refers to stm32h7xx_hal_uart_ex.o(i.HAL_UARTEx_SetTxFifoThreshold) for HAL_UARTEx_SetTxFifoThreshold
    main_1.o(i.MX_USART1_UART_Init) refers to stm32h7xx_hal_uart_ex.o(i.HAL_UARTEx_SetRxFifoThreshold) for HAL_UARTEx_SetRxFifoThreshold
    main_1.o(i.MX_USART1_UART_Init) refers to stm32h7xx_hal_uart_ex.o(i.HAL_UARTEx_DisableFifoMode) for HAL_UARTEx_DisableFifoMode
    main_1.o(i.MX_USART1_UART_Init) refers to main_1.o(.bss) for .bss
    main_1.o(i.SystemClock_Config) refers to rt_memclr_w.o(.text) for __aeabi_memclr4
    main_1.o(i.SystemClock_Config) refers to stm32h7xx_hal_pwr_ex.o(i.HAL_PWREx_ConfigSupply) for HAL_PWREx_ConfigSupply
[...]
    ../clib/signal.c                         0x00000000   Number         0  defsig_fpe_formal.o ABSOLUTE
    ../clib/signal.c                         0x00000000   Number         0  defsig_fpe_outer.o ABSOLUTE
    ../clib/signal.c                         0x00000000   Number         0  defsig_rtmem_formal.o ABSOLUTE
    ../clib/signal.c                         0x00000000   Number         0  defsig_pvfn_inner.o ABSOLUTE
    ../clib/signal.c                         0x00000000   Number         0  defsig_stak_inner.o ABSOLUTE
    ../clib/signal.c                         0x00000000   Number         0  defsig_rtmem_outer.o ABSOLUTE
    ../clib/signal.c                         0x00000000   Number         0  __raise.o ABSOLUTE
    ../clib/signal.c                         0x00000000   Number         0  defsig_general.o ABSOLUTE
    ../clib/signal.c                         0x00000000   Number         0  defsig_rtmem_inner.o ABSOLUTE
    ../clib/signal.c                         0x00000000   Number         0  defsig_rtred_inner.o ABSOLUTE
    ../clib/signal.c                         0x00000000   Number         0  defsig_cppl_inner.o ABSOLUTE
    ../clib/signal.c                         0x00000000   Number         0  defsig_fpe_inner.o ABSOLUTE
    ../clib/signal.c                         0x00000000   Number         0  defsig_segv_inner.o ABSOLUTE
    ../clib/signal.c                         0x00000000   Number         0  defsig_other.o ABSOLUTE
    ../clib/signal.c                         0x00000000   Number         0  defsig_exit.o ABSOLUTE
    ../clib/signal.s                         0x00000000   Number         0  defsig.o ABSOLUTE
    ../clib/stdlib.c                         0x00000000   Number         0  exit.o ABSOLUTE
    ../fplib/fpinit.s                        0x00000000   Number         0  fpinit.o ABSOLUTE
    ..\CM7\Core\Src\main.c                   0x00000000   Number         0  main_1.o ABSOLUTE
    ..\CM7\Core\Src\stm32h7xx_hal_msp.c      0x00000000   Number         0  stm32h7xx_hal_msp_1.o ABSOLUTE
    ..\CM7\Core\Src\stm32h7xx_it.c           0x00000000   Number         0  stm32h7xx_it_1.o ABSOLUTE
    ..\Common\Src\system_stm32h7xx_dualcore_boot_cm4_cm7.c 0x00000000   Number         0  system_stm32h7xx_dualcore_boot_cm4_cm7.o ABSOLUTE
    ..\Drivers\STM32H7xx_HAL_Driver\Src\stm32h7xx_hal.c 0x00000000   Number         0  stm32h7xx_hal.o ABSOLUTE
    ..\Drivers\STM32H7xx_HAL_Driver\Src\stm32h7xx_hal_cortex.c 0x00000000   Number         0  stm32h7xx_hal_cortex.o ABSOLUTE
    ..\Drivers\STM32H7xx_HAL_Driver\Src\stm32h7xx_hal_dcmi.c 0x00000000   Number         0  stm32h7xx_hal_dcmi.o ABSOLUTE
    ..\Drivers\STM32H7xx_HAL_Driver\Src\stm32h7xx_hal_dma.c 0x00000000   Number         0  stm32h7xx_hal_dma.o ABSOLUTE
    ..\Drivers\STM32H7xx_HAL_Driver\Src\stm32h7xx_hal_dma_ex.c 0x00000000   Number         0  stm32h7xx_hal_dma_ex.o ABSOLUTE
    ..\Drivers\STM32H7xx_HAL_Driver\Src\stm32h7xx_hal_exti.c 0x00000000   Number         0  stm32h7xx_hal_exti.o ABSOLUTE
    ..\Drivers\STM32H7xx_HAL_Driver\Src\stm32h7xx_hal_flash.c 0x00000000   Number         0  stm32h7xx_hal_flash.o ABSOLUTE
    ..\Drivers\STM32H7xx_HAL_Driver\Src\stm32h7xx_hal_flash_ex.c 0x00000000   Number         0  stm32h7xx_hal_flash_ex.o ABSOLUTE
    ..\Drivers\STM32H7xx_HAL_Driver\Src\stm32h7xx_hal_gpio.c 0x00000000   Number         0  stm32h7xx_hal_gpio.o ABSOLUTE
    ..\Drivers\STM32H7xx_HAL_Driver\Src\stm32h7xx_hal_hsem.c 0x00000000   Number         0  stm32h7xx_hal_hsem.o ABSOLUTE
    ..\Drivers\STM32H7xx_HAL_Driver\Src\stm32h7xx_hal_i2c.c 0x00000000   Number         0  stm32h7xx_hal_i2c.o ABSOLUTE
    ..\Drivers\STM32H7xx_HAL_Driver\Src\stm32h7xx_hal_i2c_ex.c 0x00000000   Number         0  stm32h7xx_hal_i2c_ex.o ABSOLUTE
    ..\Drivers\STM32H7xx_HAL_Driver\Src\stm32h7xx_hal_mdma.c 0x00000000   Number         0  stm32h7xx_hal_mdma.o ABSOLUTE
    ..\Drivers\STM32H7xx_HAL_Driver\Src\stm32h7xx_hal_pwr.c 0x00000000   Number         0  stm32h7xx_hal_pwr.o ABSOLUTE
    ..\Drivers\STM32H7xx_HAL_Driver\Src\stm32h7xx_hal_pwr_ex.c 0x00000000   Number         0  stm32h7xx_hal_pwr_ex.o ABSOLUTE
    ..\Drivers\STM32H7xx_HAL_Driver\Src\stm32h7xx_hal_rcc.c 0x00000000   Number         0  stm32h7xx_hal_rcc.o ABSOLUTE
    ..\Drivers\STM32H7xx_HAL_Driver\Src\stm32h7xx_hal_rcc_ex.c 0x00000000   Number         0  stm32h7xx_hal_rcc_ex.o ABSOLUTE
    ..\Drivers\STM32H7xx_HAL_Driver\Src\stm32h7xx_hal_tim.c 0x00000000   Number         0  stm32h7xx_hal_tim.o ABSOLUTE
    ..\Drivers\STM32H7xx_HAL_Driver\Src\stm32h7xx_hal_tim_ex.c 0x00000000   Number         0  stm32h7xx_hal_tim_ex.o ABSOLUTE
    ..\Drivers\STM32H7xx_HAL_Driver\Src\stm32h7xx_hal_uart.c 0x00000000   Number         0  stm32h7xx_hal_uart.o ABSOLUTE
    ..\Drivers\STM32H7xx_HAL_Driver\Src\stm32h7xx_hal_uart_ex.c 0x00000000   Number         0  stm32h7xx_hal_uart_ex.o ABSOLUTE
    dc.s                                     0x00000000   Number         0  dc.o ABSOLUTE
    startup_stm32h747xx_CM7.s                0x00000000   Number         0  startup_stm32h747xx_cm7.o ABSOLUTE
    RESET                                    0x08000000   Section      664  startup_stm32h747xx_cm7.o(RESET)
    !!!main                                  0x08000298   Section        8  __main.o(!!!main)
    !!!scatter                               0x080002a0   Section       52  __scatter.o(!!!scatter)
    !!handler_copy                           0x080002d4   Section       26  __scatter_copy.o(!!handler_copy)
    !!handler_zi                             0x080002f0   Section       28  __scatter_zi.o(!!handler_zi)
    .ARM.Collect$$libinit$$00000000          0x0800030c   Section        2  libinit.o(.ARM.Collect$$libinit$$00000000)
    .ARM.Collect$$libinit$$00000001          0x0800030e   Section        4  libinit2.o(.ARM.Collect$$libinit$$00000001)
    .ARM.Collect$$libinit$$00000004          0x08000312   Section        0  libinit2.o(.ARM.Collect$$libinit$$00000004)
    .ARM.Collect$$libinit$$0000000A          0x08000312   Section        0  libinit2.o(.ARM.Collect$$libinit$$0000000A)
    .ARM.Collect$$libinit$$0000000C          0x08000312   Section        0  libinit2.o(.ARM.Collect$$libinit$$0000000C)
    .ARM.Collect$$libinit$$0000000E          0x08000312   Section        0  libinit2.o(.ARM.Collect$$libinit$$0000000E)
    .ARM.Collect$$libinit$$00000011          0x08000312   Section        0  libinit2.o(.ARM.Collect$$libinit$$00000011)
    .ARM.Collect$$libinit$$00000013          0x08000312   Section        0  libinit2.o(.ARM.Collect$$libinit$$00000013)
    .ARM.Collect$$libinit$$00000015          0x08000312   Section        0  libinit2.o(.ARM.Collect$$libinit$$00000015)
    .ARM.Collect$$libinit$$00000017          0x08000312   Section        0  libinit2.o(.ARM.Collect$$libinit$$00000017)
    .ARM.Collect$$libinit$$00000019          0x08000312   Section        0  libinit2.o(.ARM.Collect$$libinit$$00000019)
    .ARM.Collect$$libinit$$0000001B          0x08000312   Section        0  libinit2.o(.ARM.Collect$$libinit$$0000001B)
    .ARM.Collect$$libinit$$0000001D          0x08000312   Section        0  libinit2.o(.ARM.Collect$$libinit$$0000001D)
    .ARM.Collect$$libinit$$0000001F          0x08000312   Section        0  libinit2.o(.ARM.Collect$$libinit$$0000001F)
    .ARM.Collect$$libinit$$00000021          0x08000312   Section        0  libinit2.o(.ARM.Collect$$libinit$$00000021)
    .ARM.Collect$$libinit$$00000023          0x08000312   Section        0  libinit2.o(.ARM.Collect$$libinit$$00000023)
    .ARM.Collect$$libinit$$00000025          0x08000312   Section        0  libinit2.o(.ARM.Collect$$libinit$$00000025)
    .ARM.Collect$$libinit$$0000002C          0x08000312   Section        0  libinit2.o(.ARM.Collect$$libinit$$0000002C)
    .ARM.Collect$$libinit$$0000002E          0x08000312   Section        0  libinit2.o(.ARM.Collect$$libinit$$0000002E)
    .ARM.Collect$$libinit$$00000030          0x08000312   Section        0  libinit2.o(.ARM.Collect$$libinit$$00000030)
    .ARM.Collect$$libinit$$00000032          0x08000312   Section        0  libinit2.o(.ARM.Collect$$libinit$$00000032)
    .ARM.Collect$$libinit$$00000033          0x08000312   Section        2  libinit2.o(.ARM.Collect$$libinit$$00000033)
    .ARM.Collect$$libshutdown$$00000000      0x08000314   Section        2  libshutdown.o(.ARM.Collect$$libshutdown$$00000000)
    .ARM.Collect$$libshutdown$$00000002      0x08000316   Section        0  libshutdown2.o(.ARM.Collect$$libshutdown$$00000002)
    .ARM.Collect$$libshutdown$$00000004      0x08000316   Section        0  libshutdown2.o(.ARM.Collect$$libshutdown$$00000004)
    .ARM.Collect$$libshutdown$$00000006      0x08000316   Section        0  libshutdown2.o(.ARM.Collect$$libshutdown$$00000006)
    .ARM.Collect$$libshutdown$$00000009      0x08000316   Section        0  libshutdown2.o(.ARM.Collect$$libshutdown$$00000009)
    .ARM.Collect$$libshutdown$$0000000C      0x08000316   Section        0  libshutdown2.o(.ARM.Collect$$libshutdown$$0000000C)
    .ARM.Collect$$libshutdown$$0000000E      0x08000316   Section        0  libshutdown2.o(.ARM.Collect$$libshutdown$$0000000E)
    .ARM.Collect$$libshutdown$$00000011      0x08000316   Section        0  libshutdown2.o(.ARM.Collect$$libshutdown$$00000011)
    .ARM.Collect$$libshutdown$$00000012      0x08000316   Section        2  libshutdown2.o(.ARM.Collect$$libshutdown$$00000012)
    .ARM.Collect$$rtentry$$00000000          0x08000318   Section        0  __rtentry.o(.ARM.Collect$$rtentry$$00000000)
    .ARM.Collect$$rtentry$$00000002          0x08000318   Section        0  __rtentry2.o(.ARM.Collect$$rtentry$$00000002)
    .ARM.Collect$$rtentry$$00000004          0x08000318   Section        6  __rtentry4.o(.ARM.Collect$$rtentry$$00000004)
    .ARM.Collect$$rtentry$$00000009          0x0800031e   Section        0  __rtentry2.o(.ARM.Collect$$rtentry$$00000009)
    .ARM.Collect$$rtentry$$0000000A          0x0800031e   Section        4  __rtentry2.o(.ARM.Collect$$rtentry$$0000000A)
    .ARM.Collect$$rtentry$$0000000C          0x08000322   Section        0  __rtentry2.o(.ARM.Collect$$rtentry$$0000000C)
    .ARM.Collect$$rtentry$$0000000D          0x08000322   Section        8  __rtentry2.o(.ARM.Collect$$rtentry$$0000000D)
    .ARM.Collect$$rtexit$$00000000           0x0800032a   Section        2  rtexit.o(.ARM.Collect$$rtexit$$00000000)
    .ARM.Collect$$rtexit$$00000002           0x0800032c   Section        0  rtexit2.o(.ARM.Collect$$rtexit$$00000002)
    .ARM.Collect$$rtexit$$00000003           0x0800032c   Section        4  rtexit2.o(.ARM.Collect$$rtexit$$00000003)
    .ARM.Collect$$rtexit$$00000004           0x08000330   Section        6  rtexit2.o(.ARM.Collect$$rtexit$$00000004)
    .text                                    0x08000338   Section       64  startup_stm32h747xx_cm7.o(.text)
    $v0                                      0x08000338   Number         0  startup_stm32h747xx_cm7.o(.text)
    .text                                    0x08000378   Section      238  lludivv7m.o(.text)
    .text                                    0x08000466   Section       78  rt_memclr_w.o(.text)
    .text                                    0x080004b4   Section        0  heapauxi.o(.text)
    .text                                    0x080004ba   Section       74  sys_stackheap_outer.o(.text)
    .text                                    0x08000504   Section        0  exit.o(.text)
    .text                                    0x08000518   Section        8  libspace.o(.text)
    .text                                    0x08000520   Section        0  sys_exit.o(.text)
    .text                                    0x0800052c   Section        2  use_no_semi.o(.text)
    .text                                    0x0800052e   Section        0  indicate_semi.o(.text)
    i.BusFault_Handler                       0x0800052e   Section        0  stm32h7xx_it_1.o(i.BusFault_Handler)
    i.DCMI_DMAError                          0x08000530   Section        0  stm32h7xx_hal_dcmi.o(i.DCMI_DMAError)
    DCMI_DMAError                            0x08000531   Thumb Code    28  stm32h7xx_hal_dcmi.o(i.DCMI_DMAError)
    i.DCMI_DMAXferCplt                       0x0800054c   Section        0  stm32h7xx_hal_dcmi.o(i.DCMI_DMAXferCplt)
    DCMI_DMAXferCplt                         0x0800054d   Thumb Code   132  stm32h7xx_hal_dcmi.o(i.DCMI_DMAXferCplt)
    i.DCMI_IRQHandler                        0x080005d0   Section        0  stm32h7xx_it_1.o(i.DCMI_IRQHandler)
    i.DMA1_Stream0_IRQHandler                0x080005dc   Section        0  stm32h7xx_it_1.o(i.DMA1_Stream0_IRQHandler)
    i.DMA1_Stream1_IRQHandler                0x080005e8   Section        0  stm32h7xx_it_1.o(i.DMA1_Stream1_IRQHandler)
    i.DMA_CalcBaseAndBitshift                0x080005f4   Section        0  stm32h7xx_hal_dma.o(i.DMA_CalcBaseAndBitshift)
    DMA_CalcBaseAndBitshift                  0x080005f5   Thumb Code   168  stm32h7xx_hal_dma.o(i.DMA_CalcBaseAndBitshift)
    i.DMA_CalcDMAMUXChannelBaseAndMask       0x080006a8   Section        0  stm32h7xx_hal_dma.o(i.DMA_CalcDMAMUXChannelBaseAndMask)
    DMA_CalcDMAMUXChannelBaseAndMask         0x080006a9   Thumb Code   138  stm32h7xx_hal_dma.o(i.DMA_CalcDMAMUXChannelBaseAndMask)
    i.DMA_CalcDMAMUXRequestGenBaseAndMask    0x08000744   Section        0  stm32h7xx_hal_dma.o(i.DMA_CalcDMAMUXRequestGenBaseAndMask)
    DMA_CalcDMAMUXRequestGenBaseAndMask      0x08000745   Thumb Code   104  stm32h7xx_hal_dma.o(i.DMA_CalcDMAMUXRequestGenBaseAndMask)
    i.DMA_CheckFifoParam                     0x080007b8   Section        0  stm32h7xx_hal_dma.o(i.DMA_CheckFifoParam)
    DMA_CheckFifoParam                       0x080007b9   Thumb Code    84  stm32h7xx_hal_dma.o(i.DMA_CheckFifoParam)
    i.DMA_MultiBufferSetConfig               0x0800080c   Section        0  stm32h7xx_hal_dma_ex.o(i.DMA_MultiBufferSetConfig)
    DMA_MultiBufferSetConfig                 0x0800080d   Thumb Code   150  stm32h7xx_hal_dma_ex.o(i.DMA_MultiBufferSetConfig)
    i.DMA_SetConfig                          0x080008ac   Section        0  stm32h7xx_hal_dma.o(i.DMA_SetConfig)
    DMA_SetConfig                            0x080008ad   Thumb Code   518  stm32h7xx_hal_dma.o(i.DMA_SetConfig)
    i.DebugMon_Handler                       0x08000acc   Section        0  stm32h7xx_it_1.o(i.DebugMon_Handler)
    i.Error_Handler                          0x08000ace   Section        0  main_1.o(i.Error_Handler)
    i.Get_uTick                              0x08000ad4   Section        0  main_1.o(i.Get_uTick)
    i.HAL_DCMI_ErrorCallback                 0x08000af0   Section        0  main_1.o(i.HAL_DCMI_ErrorCallback)
    i.HAL_DCMI_FrameEventCallback            0x08000af4   Section        0  main_1.o(i.HAL_DCMI_FrameEventCallback)
    i.HAL_DCMI_IRQHandler                    0x08000b18   Section        0  stm32h7xx_hal_dcmi.o(i.HAL_DCMI_IRQHandler)
    i.HAL_DCMI_Init                          0x08000bb8   Section        0  stm32h7xx_hal_dcmi.o(i.HAL_DCMI_Init)
    i.HAL_DCMI_LineEventCallback             0x08000c88   Section        0  main_1.o(i.HAL_DCMI_LineEventCallback)
    i.HAL_DCMI_MspInit                       0x08000cac   Section        0  stm32h7xx_hal_msp_1.o(i.HAL_DCMI_MspInit)
    i.HAL_DCMI_RegisterCallback              0x08000e40   Section        0  stm32h7xx_hal_dcmi.o(i.HAL_DCMI_RegisterCallback)
    i.HAL_DCMI_Start_DMA                     0x08000e98   Section        0  stm32h7xx_hal_dcmi.o(i.HAL_DCMI_Start_DMA)
    i.HAL_DCMI_VsyncEventCallback            0x08000f84   Section        0  main_1.o(i.HAL_DCMI_VsyncEventCallback)
    i.HAL_DMAEx_ChangeMemory                 0x08000fa8   Section        0  stm32h7xx_hal_dma_ex.o(i.HAL_DMAEx_ChangeMemory)
    i.HAL_DMAEx_ConfigMuxSync                0x08001038   Section        0  stm32h7xx_hal_dma_ex.o(i.HAL_DMAEx_ConfigMuxSync)
    i.HAL_DMAEx_MultiBufferStart_IT          0x08001110   Section        0  stm32h7xx_hal_dma_ex.o(i.HAL_DMAEx_MultiBufferStart_IT)
    i.HAL_DMA_Abort_IT                       0x08001578   Section        0  stm32h7xx_hal_dma.o(i.HAL_DMA_Abort_IT)
    i.HAL_DMA_IRQHandler                     0x080017fc   Section        0  stm32h7xx_hal_dma.o(i.HAL_DMA_IRQHandler)
    i.HAL_DMA_Init                           0x08001eec   Section        0  stm32h7xx_hal_dma.o(i.HAL_DMA_Init)
    i.HAL_DMA_Start_IT                       0x080022b0   Section        0  stm32h7xx_hal_dma.o(i.HAL_DMA_Start_IT)
    i.HAL_GPIO_Init                          0x0800254c   Section        0  stm32h7xx_hal_gpio.o(i.HAL_GPIO_Init)
    i.HAL_GetREVID                           0x0800277c   Section        0  stm32h7xx_hal.o(i.HAL_GetREVID)
    i.HAL_GetTick                            0x08002788   Section        0  stm32h7xx_hal.o(i.HAL_GetTick)
    i.HAL_HSEM_FastTake                      0x08002794   Section        0  stm32h7xx_hal_hsem.o(i.HAL_HSEM_FastTake)
    i.HAL_HSEM_Release                       0x080027b4   Section        0  stm32h7xx_hal_hsem.o(i.HAL_HSEM_Release)
    i.HAL_IncTick                            0x080027c8   Section        0  stm32h7xx_hal.o(i.HAL_IncTick)
    i.HAL_Init                               0x080027d8   Section        0  stm32h7xx_hal.o(i.HAL_Init)
    i.HAL_InitTick                           0x08002834   Section        0  stm32h7xx_hal.o(i.HAL_InitTick)
    i.HAL_MspInit                            0x08002874   Section        0  stm32h7xx_hal_msp_1.o(i.HAL_MspInit)
    i.HAL_NVIC_EnableIRQ                     0x08002890   Section        0  stm32h7xx_hal_cortex.o(i.HAL_NVIC_EnableIRQ)
    i.HAL_NVIC_SetPriority                   0x080028ac   Section        0  stm32h7xx_hal_cortex.o(i.HAL_NVIC_SetPriority)
    i.HAL_NVIC_SetPriorityGrouping           0x080028ec   Section        0  stm32h7xx_hal_cortex.o(i.HAL_NVIC_SetPriorityGrouping)
    i.HAL_PWREx_ConfigSupply                 0x08002910   Section        0  stm32h7xx_hal_pwr_ex.o(i.HAL_PWREx_ConfigSupply)
    i.HAL_RCCEx_CRSConfig                    0x08002994   Section        0  stm32h7xx_hal_rcc_ex.o(i.HAL_RCCEx_CRSConfig)
    i.HAL_RCCEx_GetD3PCLK1Freq               0x08002a00   Section        0  stm32h7xx_hal_rcc_ex.o(i.HAL_RCCEx_GetD3PCLK1Freq)
    i.HAL_RCCEx_GetPLL2ClockFreq             0x08002a24   Section        0  stm32h7xx_hal_rcc_ex.o(i.HAL_RCCEx_GetPLL2ClockFreq)
    i.HAL_RCCEx_GetPLL3ClockFreq             0x08002b68   Section        0  stm32h7xx_hal_rcc_ex.o(i.HAL_RCCEx_GetPLL3ClockFreq)
    i.HAL_RCCEx_PeriphCLKConfig              0x08002cac   Section        0  stm32h7xx_hal_rcc_ex.o(i.HAL_RCCEx_PeriphCLKConfig)
    i.HAL_RCC_ClockConfig                    0x080035bc   Section        0  stm32h7xx_hal_rcc.o(i.HAL_RCC_ClockConfig)
    i.HAL_RCC_GetHCLKFreq                    0x08003818   Section        0  stm32h7xx_hal_rcc.o(i.HAL_RCC_GetHCLKFreq)
    i.HAL_RCC_GetPCLK1Freq                   0x0800385c   Section        0  stm32h7xx_hal_rcc.o(i.HAL_RCC_GetPCLK1Freq)
    i.HAL_RCC_GetPCLK2Freq                   0x08003880   Section        0  stm32h7xx_hal_rcc.o(i.HAL_RCC_GetPCLK2Freq)
    i.HAL_RCC_GetSysClockFreq                0x080038a4   Section        0  stm32h7xx_hal_rcc.o(i.HAL_RCC_GetSysClockFreq)
    i.HAL_RCC_OscConfig                      0x080039dc   Section        0  stm32h7xx_hal_rcc.o(i.HAL_RCC_OscConfig)
    i.HAL_SYSTICK_Config                     0x08003ee4   Section        0  stm32h7xx_hal_cortex.o(i.HAL_SYSTICK_Config)
    i.HAL_TIMEx_Break2Callback               0x08003f0a   Section        0  stm32h7xx_hal_tim_ex.o(i.HAL_TIMEx_Break2Callback)
    i.HAL_TIMEx_BreakCallback                0x08003f0c   Section        0  stm32h7xx_hal_tim_ex.o(i.HAL_TIMEx_BreakCallback)
    i.HAL_TIMEx_CommutCallback               0x08003f0e   Section        0  stm32h7xx_hal_tim_ex.o(i.HAL_TIMEx_CommutCallback)
    i.HAL_TIM_Base_Init                      0x08003f10   Section        0  stm32h7xx_hal_tim.o(i.HAL_TIM_Base_Init)
    i.HAL_TIM_Base_MspInit                   0x08003f74   Section        0  stm32h7xx_hal_msp_1.o(i.HAL_TIM_Base_MspInit)
    i.HAL_TIM_Base_Start_IT                  0x08003fb0   Section        0  stm32h7xx_hal_tim.o(i.HAL_TIM_Base_Start_IT)
    i.HAL_TIM_IC_CaptureCallback             0x08004030   Section        0  stm32h7xx_hal_tim.o(i.HAL_TIM_IC_CaptureCallback)
    i.HAL_TIM_IRQHandler                     0x08004032   Section        0  stm32h7xx_hal_tim.o(i.HAL_TIM_IRQHandler)
    i.HAL_TIM_OC_ConfigChannel               0x080041b4   Section        0  stm32h7xx_hal_tim.o(i.HAL_TIM_OC_ConfigChannel)
    i.HAL_TIM_OC_DelayElapsedCallback        0x0800421c   Section        0  stm32h7xx_hal_tim.o(i.HAL_TIM_OC_DelayElapsedCallback)
    i.HAL_TIM_OC_Init                        0x0800421e   Section        0  stm32h7xx_hal_tim.o(i.HAL_TIM_OC_Init)
    i.HAL_TIM_OC_MspInit                     0x08004280   Section        0  stm32h7xx_hal_tim.o(i.HAL_TIM_OC_MspInit)
    i.HAL_TIM_PWM_PulseFinishedCallback      0x08004282   Section        0  stm32h7xx_hal_tim.o(i.HAL_TIM_PWM_PulseFinishedCallback)
    i.HAL_TIM_PeriodElapsedCallback          0x08004284   Section        0  main_1.o(i.HAL_TIM_PeriodElapsedCallback)
    i.HAL_TIM_TriggerCallback                0x080042ac   Section        0  stm32h7xx_hal_tim.o(i.HAL_TIM_TriggerCallback)
    i.HAL_UARTEx_DisableFifoMode             0x080042ae   Section        0  stm32h7xx_hal_uart_ex.o(i.HAL_UARTEx_DisableFifoMode)
    i.HAL_UARTEx_SetRxFifoThreshold          0x080042ee   Section        0  stm32h7xx_hal_uart_ex.o(i.HAL_UARTEx_SetRxFifoThreshold)
    i.HAL_UARTEx_SetTxFifoThreshold          0x0800433a   Section        0  stm32h7xx_hal_uart_ex.o(i.HAL_UARTEx_SetTxFifoThreshold)
    i.HAL_UART_Init                          0x08004386   Section        0  stm32h7xx_hal_uart.o(i.HAL_UART_Init)
    i.HAL_UART_MspInit                       0x080043f0   Section        0  stm32h7xx_hal_msp_1.o(i.HAL_UART_MspInit)
    i.HardFault_Handler                      0x080044b4   Section        0  stm32h7xx_it_1.o(i.HardFault_Handler)
    i.MX_DCMI_Init                           0x080044b8   Section        0  main_1.o(i.MX_DCMI_Init)
    MX_DCMI_Init                             0x080044b9   Thumb Code    60  main_1.o(i.MX_DCMI_Init)
    i.MX_GPIO_Init                           0x080044fc   Section        0  main_1.o(i.MX_GPIO_Init)
    MX_GPIO_Init                             0x080044fd   Thumb Code   140  main_1.o(i.MX_GPIO_Init)
    i.MX_TIM14_Init                          0x08004590   Section        0  main_1.o(i.MX_TIM14_Init)
    MX_TIM14_Init                            0x08004591   Thumb Code    88  main_1.o(i.MX_TIM14_Init)
    i.MX_USART1_UART_Init                    0x080045f0   Section        0  main_1.o(i.MX_USART1_UART_Init)
    MX_USART1_UART_Init                      0x080045f1   Thumb Code    90  main_1.o(i.MX_USART1_UART_Init)
    i.MemManage_Handler                      0x08004654   Section        0  stm32h7xx_it_1.o(i.MemManage_Handler)
    i.NMI_Handler                            0x08004656   Section        0  stm32h7xx_it_1.o(i.NMI_Handler)
    i.PendSV_Handler                         0x08004658   Section        0  stm32h7xx_it_1.o(i.PendSV_Handler)
    i.RCCEx_PLL2_Config                      0x0800465c   Section        0  stm32h7xx_hal_rcc_ex.o(i.RCCEx_PLL2_Config)
    RCCEx_PLL2_Config                        0x0800465d   Thumb Code   284  stm32h7xx_hal_rcc_ex.o(i.RCCEx_PLL2_Config)
    i.RCCEx_PLL3_Config                      0x0800477c   Section        0  stm32h7xx_hal_rcc_ex.o(i.RCCEx_PLL3_Config)
    RCCEx_PLL3_Config                        0x0800477d   Thumb Code   284  stm32h7xx_hal_rcc_ex.o(i.RCCEx_PLL3_Config)
    i.SVC_Handler                            0x0800489c   Section        0  stm32h7xx_it_1.o(i.SVC_Handler)
    i.SysTick_Handler                        0x0800489e   Section        0  stm32h7xx_it_1.o(i.SysTick_Handler)
    i.SystemClock_Config                     0x080048a4   Section        0  main_1.o(i.SystemClock_Config)
    i.SystemInit                             0x08004988   Section        0  system_stm32h7xx_dualcore_boot_cm4_cm7.o(i.SystemInit)
    i.TIM8_TRG_COM_TIM14_IRQHandler          0x08004a88   Section        0  stm32h7xx_it_1.o(i.TIM8_TRG_COM_TIM14_IRQHandler)
    i.TIM_Base_SetConfig                     0x08004a94   Section        0  stm32h7xx_hal_tim.o(i.TIM_Base_SetConfig)
    i.TIM_OC1_SetConfig                      0x08004b58   Section        0  stm32h7xx_hal_tim.o(i.TIM_OC1_SetConfig)
    TIM_OC1_SetConfig                        0x08004b59   Thumb Code   142  stm32h7xx_hal_tim.o(i.TIM_OC1_SetConfig)
    i.TIM_OC2_SetConfig                      0x08004c00   Section        0  stm32h7xx_hal_tim.o(i.TIM_OC2_SetConfig)
    i.TIM_OC3_SetConfig                      0x08004c98   Section        0  stm32h7xx_hal_tim.o(i.TIM_OC3_SetConfig)
    TIM_OC3_SetConfig                        0x08004c99   Thumb Code   118  stm32h7xx_hal_tim.o(i.TIM_OC3_SetConfig)
    i.TIM_OC4_SetConfig                      0x08004d24   Section        0  stm32h7xx_hal_tim.o(i.TIM_OC4_SetConfig)
    TIM_OC4_SetConfig                        0x08004d25   Thumb Code    88  stm32h7xx_hal_tim.o(i.TIM_OC4_SetConfig)
    i.TIM_OC5_SetConfig                      0x08004d90   Section        0  stm32h7xx_hal_tim.o(i.TIM_OC5_SetConfig)
    TIM_OC5_SetConfig                        0x08004d91   Thumb Code    88  stm32h7xx_hal_tim.o(i.TIM_OC5_SetConfig)
    i.TIM_OC6_SetConfig                      0x08004dfc   Section        0  stm32h7xx_hal_tim.o(i.TIM_OC6_SetConfig)
    TIM_OC6_SetConfig                        0x08004dfd   Thumb Code    88  stm32h7xx_hal_tim.o(i.TIM_OC6_SetConfig)
    i.UARTEx_SetNbDataToProcess              0x08004e68   Section        0  stm32h7xx_hal_uart_ex.o(i.UARTEx_SetNbDataToProcess)
    UARTEx_SetNbDataToProcess                0x08004e69   Thumb Code    62  stm32h7xx_hal_uart_ex.o(i.UARTEx_SetNbDataToProcess)
    i.UART_AdvFeatureConfig                  0x08004eac   Section        0  stm32h7xx_hal_uart.o(i.UART_AdvFeatureConfig)
    i.UART_CheckIdleState                    0x08004f74   Section        0  stm32h7xx_hal_uart.o(i.UART_CheckIdleState)
    i.UART_SetConfig                         0x08004fd4   Section        0  stm32h7xx_hal_uart.o(i.UART_SetConfig)
    i.UART_WaitOnFlagUntilTimeout            0x08005380   Section        0  stm32h7xx_hal_uart.o(i.UART_WaitOnFlagUntilTimeout)
    i.UsageFault_Handler                     0x08005424   Section        0  stm32h7xx_it_1.o(i.UsageFault_Handler)
    i.__NVIC_SetPriority                     0x08005426   Section        0  stm32h7xx_hal_cortex.o(i.__NVIC_SetPriority)
    __NVIC_SetPriority                       0x08005427   Thumb Code    34  stm32h7xx_hal_cortex.o(i.__NVIC_SetPriority)
    i.main                                   0x08005448   Section        0  main_1.o(i.main)
    x$fpl$fpinit                             0x0800551c   Section       10  fpinit.o(x$fpl$fpinit)
    $v0                                      0x0800551c   Number         0  fpinit.o(x$fpl$fpinit)
    .constdata                               0x08005526   Section        8  stm32h7xx_hal_dma.o(.constdata)
    flagBitshiftOffset                       0x08005526   Data           8  stm32h7xx_hal_dma.o(.constdata)
    .constdata                               0x0800552e   Section       24  stm32h7xx_hal_uart.o(.constdata)
    .constdata                               0x08005546   Section       16  stm32h7xx_hal_uart_ex.o(.constdata)
    numerator                                0x08005546   Data           8  stm32h7xx_hal_uart_ex.o(.constdata)
    denominator                              0x0800554e   Data           8  stm32h7xx_hal_uart_ex.o(.constdata)
    .constdata                               0x08005556   Section       16  system_stm32h7xx_dualcore_boot_cm4_cm7.o(.constdata)
    .data                                    0x20000000   Section       56  main_1.o(.data)
    last_line                                0x20000000   Data           8  main_1.o(.data)
    last_frame                               0x20000008   Data           8  main_1.o(.data)
    last_vsync                               0x20000010   Data           8  main_1.o(.data)
    .data                                    0x20000038   Section       12  stm32h7xx_hal.o(.data)
    .data                                    0x20000044   Section        8  system_stm32h7xx_dualcore_boot_cm4_cm7.o(.data)
    .bss                                     0x2000004c   Section      324  main_1.o(.bss)
    .bss                                     0x20000190   Section      120  main_1.o(.bss)
    .bss                                     0x20000208   Section      120  main_1.o(.bss)
    .bss                                     0x20000280   Section       96  libspace.o(.bss)
    HEAP                                     0x200002e0   Section      512  startup_stm32h747xx_cm7.o(HEAP)
    Heap_Mem                                 0x200002e0   Data         512  startup_stm32h747xx_cm7.o(HEAP)
    STACK                                    0x200004e0   Section     1024  startup_stm32h747xx_cm7.o(STACK)
    Stack_Mem                                0x200004e0   Data        1024  startup_stm32h747xx_cm7.o(STACK)
    __initial_sp                             0x200008e0   Data           0  startup_stm32h747xx_cm7.o(STACK)

    Global Symbols

    Symbol Name                              Value     Ov Type        Size  Object(Section)

    BuildAttributes$$THM_ISAv4$E$P$D$K$B$S$7EM$VFPv5_D16$PE$PLD8$A:L22UL41UL21$X:L11$S22US41US21$IEEE1$IW$USESV6$~STKCKD$USESV7$~SHL$OSPACE$ROPI$EBA8$UX$STANDARDLIB$REQ8$PRES8$EABIv2 0x00000000   Number         0  anon$$obj.o ABSOLUTE
    __ARM_use_no_argv                        0x00000000   Number         0  main_1.o ABSOLUTE
    __ARM_exceptions_init                     - Undefined Weak Reference
    __alloca_initialize                       - Undefined Weak Reference
    __arm_fini_                               - Undefined Weak Reference
    __arm_preinit_                            - Undefined Weak Reference
    __cpp_initialize__aeabi_                  - Undefined Weak Reference
    __cxa_finalize                            - Undefined Weak Reference
    __rt_locale                               - Undefined Weak Reference
    __sigvec_lookup                           - Undefined Weak Reference
    _atexit_init                              - Undefined Weak Reference
    _call_atexit_fns                          - Undefined Weak Reference
    _clock_init                               - Undefined Weak Reference
    _fp_trap_init                             - Undefined Weak Reference
    _fp_trap_shutdown                         - Undefined Weak Reference
    _get_lc_collate                           - Undefined Weak Reference
    _get_lc_ctype                             - Undefined Weak Reference
    _get_lc_monetary                          - Undefined Weak Reference
    _get_lc_numeric                           - Undefined Weak Reference
    _get_lc_time                              - Undefined Weak Reference
    _getenv_init                              - Undefined Weak Reference
    _handle_redirection                       - Undefined Weak Reference
    _init_alloc                               - Undefined Weak Reference
    _init_user_alloc                          - Undefined Weak Reference
    _initio                                   - Undefined Weak Reference
    _rand_init                                - Undefined Weak Reference
    _signal_finish                            - Undefined Weak Reference
    _signal_init                              - Undefined Weak Reference
    _terminate_alloc                          - Undefined Weak Reference
    _terminate_user_alloc                     - Undefined Weak Reference
    _terminateio                              - Undefined Weak Reference
    __Vectors_Size                           0x00000298   Number         0  startup_stm32h747xx_cm7.o ABSOLUTE
    __Vectors                                0x08000000   Data           4  startup_stm32h747xx_cm7.o(RESET)
    __Vectors_End                            0x08000298   Data           0  startup_stm32h747xx_cm7.o(RESET)
    __main                                   0x08000299   Thumb Code     8  __main.o(!!!main)
    __scatterload                            0x080002a1   Thumb Code     0  __scatter.o(!!!scatter)
    __scatterload_rt2                        0x080002a1   Thumb Code    44  __scatter.o(!!!scatter)
    __scatterload_rt2_thumb_only             0x080002a1   Thumb Code     0  __scatter.o(!!!scatter)
    __scatterload_null                       0x080002af   Thumb Code     0  __scatter.o(!!!scatter)
    __scatterload_copy                       0x080002d5   Thumb Code    26  __scatter_copy.o(!!handler_copy)
    __scatterload_zeroinit                   0x080002f1   Thumb Code    28  __scatter_zi.o(!!handler_zi)
    __rt_lib_init                            0x0800030d   Thumb Code     0  libinit.o(.ARM.Collect$$libinit$$00000000)
    __rt_lib_init_fp_1                       0x0800030f   Thumb Code     0  libinit2.o(.ARM.Collect$$libinit$$00000001)
    __rt_lib_init_alloca_1                   0x08000313   Thumb Code     0  libinit2.o(.ARM.Collect$$libinit$$0000002E)
    __rt_lib_init_argv_1                     0x08000313   Thumb Code     0  libinit2.o(.ARM.Collect$$libinit$$0000002C)
    __rt_lib_init_atexit_1                   0x08000313   Thumb Code     0  libinit2.o(.ARM.Collect$$libinit$$0000001B)
    __rt_lib_init_clock_1                    0x08000313   Thumb Code     0  libinit2.o(.ARM.Collect$$libinit$$00000021)
    __rt_lib_init_cpp_1                      0x08000313   Thumb Code     0  libinit2.o(.ARM.Collect$$libinit$$00000032)
    __rt_lib_init_exceptions_1               0x08000313   Thumb Code     0  libinit2.o(.ARM.Collect$$libinit$$00000030)
    __rt_lib_init_fp_trap_1                  0x08000313   Thumb Code     0  libinit2.o(.ARM.Collect$$libinit$$0000001F)
    __rt_lib_init_getenv_1                   0x08000313   Thumb Code     0  libinit2.o(.ARM.Collect$$libinit$$00000023)
    __rt_lib_init_heap_1                     0x08000313   Thumb Code     0  libinit2.o(.ARM.Collect$$libinit$$0000000A)
    __rt_lib_init_lc_collate_1               0x08000313   Thumb Code     0  libinit2.o(.ARM.Collect$$libinit$$00000011)
    __rt_lib_init_lc_ctype_1                 0x08000313   Thumb Code     0  libinit2.o(.ARM.Collect$$libinit$$00000013)
    __rt_lib_init_lc_monetary_1              0x08000313   Thumb Code     0  libinit2.o(.ARM.Collect$$libinit$$00000015)
    __rt_lib_init_lc_numeric_1               0x08000313   Thumb Code     0  libinit2.o(.ARM.Collect$$libinit$$00000017)
    __rt_lib_init_lc_time_1                  0x08000313   Thumb Code     0  libinit2.o(.ARM.Collect$$libinit$$00000019)
    __rt_lib_init_preinit_1                  0x08000313   Thumb Code     0  libinit2.o(.ARM.Collect$$libinit$$00000004)
    __rt_lib_init_rand_1                     0x08000313   Thumb Code     0  libinit2.o(.ARM.Collect$$libinit$$0000000E)
    __rt_lib_init_return                     0x08000313   Thumb Code     0  libinit2.o(.ARM.Collect$$libinit$$00000033)
    __rt_lib_init_signal_1                   0x08000313   Thumb Code     0  libinit2.o(.ARM.Collect$$libinit$$0000001D)
    __rt_lib_init_stdio_1                    0x08000313   Thumb Code     0  libinit2.o(.ARM.Collect$$libinit$$00000025)
    __rt_lib_init_user_alloc_1               0x08000313   Thumb Code     0  libinit2.o(.ARM.Collect$$libinit$$0000000C)
    __rt_lib_shutdown                        0x08000315   Thumb Code     0  libshutdown.o(.ARM.Collect$$libshutdown$$00000000)
    __rt_lib_shutdown_cpp_1                  0x08000317   Thumb Code     0  libshutdown2.o(.ARM.Collect$$libshutdown$$00000004)
    __rt_lib_shutdown_fini_1                 0x08000317   Thumb Code     0  libshutdown2.o(.ARM.Collect$$libshutdown$$00000002)
    __rt_lib_shutdown_fp_trap_1              0x08000317   Thumb Code     0  libshutdown2.o(.ARM.Collect$$libshutdown$$00000009)
    __rt_lib_shutdown_heap_1                 0x08000317   Thumb Code     0  libshutdown2.o(.ARM.Collect$$libshutdown$$00000011)
    __rt_lib_shutdown_return                 0x08000317   Thumb Code     0  libshutdown2.o(.ARM.Collect$$libshutdown$$00000012)
    __rt_lib_shutdown_signal_1               0x08000317   Thumb Code     0  libshutdown2.o(.ARM.Collect$$libshutdown$$0000000C)
    __rt_lib_shutdown_stdio_1                0x08000317   Thumb Code     0  libshutdown2.o(.ARM.Collect$$libshutdown$$00000006)
    __rt_lib_shutdown_user_alloc_1           0x08000317   Thumb Code     0  libshutdown2.o(.ARM.Collect$$libshutdown$$0000000E)
    __rt_entry                               0x08000319   Thumb Code     0  __rtentry.o(.ARM.Collect$$rtentry$$00000000)
    __rt_entry_presh_1                       0x08000319   Thumb Code     0  __rtentry2.o(.ARM.Collect$$rtentry$$00000002)
    __rt_entry_sh                            0x08000319   Thumb Code     0  __rtentry4.o(.ARM.Collect$$rtentry$$00000004)
    __rt_entry_li                            0x0800031f   Thumb Code     0  __rtentry2.o(.ARM.Collect$$rtentry$$0000000A)
    __rt_entry_postsh_1                      0x0800031f   Thumb Code     0  __rtentry2.o(.ARM.Collect$$rtentry$$00000009)
    __rt_entry_main                          0x08000323   Thumb Code     0  __rtentry2.o(.ARM.Collect$$rtentry$$0000000D)
    __rt_entry_postli_1                      0x08000323   Thumb Code     0  __rtentry2.o(.ARM.Collect$$rtentry$$0000000C)
    __rt_exit                                0x0800032b   Thumb Code     0  rtexit.o(.ARM.Collect$$rtexit$$00000000)
    __rt_exit_ls                             0x0800032d   Thumb Code     0  rtexit2.o(.ARM.Collect$$rtexit$$00000003)
    __rt_exit_prels_1                        0x0800032d   Thumb Code     0  rtexit2.o(.ARM.Collect$$rtexit$$00000002)
    __rt_exit_exit                           0x08000331   Thumb Code     0  rtexit2.o(.ARM.Collect$$rtexit$$00000004)
    Reset_Handler                            0x08000339   Thumb Code     8  startup_stm32h747xx_cm7.o(.text)
    ADC3_IRQHandler                          0x08000353   Thumb Code     0  startup_stm32h747xx_cm7.o(.text)
    ADC_IRQHandler                           0x08000353   Thumb Code     0  startup_stm32h747xx_cm7.o(.text)
    BDMA_Channel0_IRQHandler                 0x08000353   Thumb Code     0  startup_stm32h747xx_cm7.o(.text)
    BDMA_Channel1_IRQHandler                 0x08000353   Thumb Code     0  startup_stm32h747xx_cm7.o(.text)
    BDMA_Channel2_IRQHandler                 0x08000353   Thumb Code     0  startup_stm32h747xx_cm7.o(.text)
    BDMA_Channel3_IRQHandler                 0x08000353   Thumb Code     0  startup_stm32h747xx_cm7.o(.text)
    BDMA_Channel4_IRQHandler                 0x08000353   Thumb Code     0  startup_stm32h747xx_cm7.o(.text)
    BDMA_Channel5_IRQHandler                 0x08000353   Thumb Code     0  startup_stm32h747xx_cm7.o(.text)
    BDMA_Channel6_IRQHandler                 0x08000353   Thumb Code     0  startup_stm32h747xx_cm7.o(.text)
    BDMA_Channel7_IRQHandler                 0x08000353   Thumb Code     0  startup_stm32h747xx_cm7.o(.text)
    CEC_IRQHandler                           0x08000353   Thumb Code     0  startup_stm32h747xx_cm7.o(.text)
    CM4_SEV_IRQHandler                       0x08000353   Thumb Code     0  startup_stm32h747xx_cm7.o(.text)
    CM7_SEV_IRQHandler                       0x08000353   Thumb Code     0  startup_stm32h747xx_cm7.o(.text)
    COMP1_IRQHandler                         0x08000353   Thumb Code     0  startup_stm32h747xx_cm7.o(.text)
    CRS_IRQHandler                           0x08000353   Thumb Code     0  startup_stm32h747xx_cm7.o(.text)
    DFSDM1_FLT0_IRQHandler                   0x08000353   Thumb Code     0  startup_stm32h747xx_cm7.o(.text)
    DFSDM1_FLT1_IRQHandler                   0x08000353   Thumb Code     0  startup_stm32h747xx_cm7.o(.text)
    DFSDM1_FLT2_IRQHandler                   0x08000353   Thumb Code     0  startup_stm32h747xx_cm7.o(.text)
    DFSDM1_FLT3_IRQHandler                   0x08000353   Thumb Code     0  startup_stm32h747xx_cm7.o(.text)
    DMA1_Stream2_IRQHandler                  0x08000353   Thumb Code     0  startup_stm32h747xx_cm7.o(.text)
    DMA1_Stream3_IRQHandler                  0x08000353   Thumb Code     0  startup_stm32h747xx_cm7.o(.text)
    DMA1_Stream4_IRQHandler                  0x08000353   Thumb Code     0  startup_stm32h747xx_cm7.o(.text)
    DMA1_Stream5_IRQHandler                  0x08000353   Thumb Code     0  startup_stm32h747xx_cm7.o(.text)
    DMA1_Stream6_IRQHandler                  0x08000353   Thumb Code     0  startup_stm32h747xx_cm7.o(.text)
    DMA1_Stream7_IRQHandler                  0x08000353   Thumb Code     0  startup_stm32h747xx_cm7.o(.text)
    DMA2D_IRQHandler                         0x08000353   Thumb Code     0  startup_stm32h747xx_cm7.o(.text)
    DMA2_Stream0_IRQHandler                  0x08000353   Thumb Code     0  startup_stm32h747xx_cm7.o(.text)
    DMA2_Stream1_IRQHandler                  0x08000353   Thumb Code     0  startup_stm32h747xx_cm7.o(.text)
    DMA2_Stream2_IRQHandler                  0x08000353   Thumb Code     0  startup_stm32h747xx_cm7.o(.text)
    DMA2_Stream3_IRQHandler                  0x08000353   Thumb Code     0  startup_stm32h747xx_cm7.o(.text)
    DMA2_Stream4_IRQHandler                  0x08000353   Thumb Code     0  startup_stm32h747xx_cm7.o(.text)
    DMA2_Stream5_IRQHandler                  0x08000353   Thumb Code     0  startup_stm32h747xx_cm7.o(.text)
    DMA2_Stream6_IRQHandler                  0x08000353   Thumb Code     0  startup_stm32h747xx_cm7.o(.text)
    DMA2_Stream7_IRQHandler                  0x08000353   Thumb Code     0  startup_stm32h747xx_cm7.o(.text)
    DMAMUX1_OVR_IRQHandler                   0x08000353   Thumb Code     0  startup_stm32h747xx_cm7.o(.text)
    DMAMUX2_OVR_IRQHandler                   0x08000353   Thumb Code     0  startup_stm32h747xx_cm7.o(.text)
    DSI_IRQHandler                           0x08000353   Thumb Code     0  startup_stm32h747xx_cm7.o(.text)
    ECC_IRQHandler                           0x08000353   Thumb Code     0  startup_stm32h747xx_cm7.o(.text)
    ETH_IRQHandler                           0x08000353   Thumb Code     0  startup_stm32h747xx_cm7.o(.text)
    ETH_WKUP_IRQHandler                      0x08000353   Thumb Code     0  startup_stm32h747xx_cm7.o(.text)
    EXTI0_IRQHandler                         0x08000353   Thumb Code     0  startup_stm32h747xx_cm7.o(.text)
    EXTI15_10_IRQHandler                     0x08000353   Thumb Code     0  startup_stm32h747xx_cm7.o(.text)
    EXTI1_IRQHandler                         0x08000353   Thumb Code     0  startup_stm32h747xx_cm7.o(.text)
    EXTI2_IRQHandler                         0x08000353   Thumb Code     0  startup_stm32h747xx_cm7.o(.text)
    EXTI3_IRQHandler                         0x08000353   Thumb Code     0  startup_stm32h747xx_cm7.o(.text)
    EXTI4_IRQHandler                         0x08000353   Thumb Code     0  startup_stm32h747xx_cm7.o(.text)
    EXTI9_5_IRQHandler                       0x08000353   Thumb Code     0  startup_stm32h747xx_cm7.o(.text)
    FDCAN1_IT0_IRQHandler                    0x08000353   Thumb Code     0  startup_stm32h747xx_cm7.o(.text)
    FDCAN1_IT1_IRQHandler                    0x08000353   Thumb Code     0  startup_stm32h747xx_cm7.o(.text)
    FDCAN2_IT0_IRQHandler                    0x08000353   Thumb Code     0  startup_stm32h747xx_cm7.o(.text)
    FDCAN2_IT1_IRQHandler                    0x08000353   Thumb Code     0  startup_stm32h747xx_cm7.o(.text)
    FDCAN_CAL_IRQHandler                     0x08000353   Thumb Code     0  startup_stm32h747xx_cm7.o(.text)
    FLASH_IRQHandler                         0x08000353   Thumb Code     0  startup_stm32h747xx_cm7.o(.text)
    FMC_IRQHandler                           0x08000353   Thumb Code     0  startup_stm32h747xx_cm7.o(.text)
    FPU_IRQHandler                           0x08000353   Thumb Code     0  startup_stm32h747xx_cm7.o(.text)
    HOLD_CORE_IRQHandler                     0x08000353   Thumb Code     0  startup_stm32h747xx_cm7.o(.text)
    HRTIM1_FLT_IRQHandler                    0x08000353   Thumb Code     0  startup_stm32h747xx_cm7.o(.text)
    HRTIM1_Master_IRQHandler                 0x08000353   Thumb Code     0  startup_stm32h747xx_cm7.o(.text)
    HRTIM1_TIMA_IRQHandler                   0x08000353   Thumb Code     0  startup_stm32h747xx_cm7.o(.text)
    HRTIM1_TIMB_IRQHandler                   0x08000353   Thumb Code     0  startup_stm32h747xx_cm7.o(.text)
    HRTIM1_TIMC_IRQHandler                   0x08000353   Thumb Code     0  startup_stm32h747xx_cm7.o(.text)
    HRTIM1_TIMD_IRQHandler                   0x08000353   Thumb Code     0  startup_stm32h747xx_cm7.o(.text)
    HRTIM1_TIME_IRQHandler                   0x08000353   Thumb Code     0  startup_stm32h747xx_cm7.o(.text)
    HSEM1_IRQHandler                         0x08000353   Thumb Code     0  startup_stm32h747xx_cm7.o(.text)
    HSEM2_IRQHandler                         0x08000353   Thumb Code     0  startup_stm32h747xx_cm7.o(.text)
    I2C1_ER_IRQHandler                       0x08000353   Thumb Code     0  startup_stm32h747xx_cm7.o(.text)
    I2C1_EV_IRQHandler                       0x08000353   Thumb Code     0  startup_stm32h747xx_cm7.o(.text)
    I2C2_ER_IRQHandler                       0x08000353   Thumb Code     0  startup_stm32h747xx_cm7.o(.text)
    I2C2_EV_IRQHandler                       0x08000353   Thumb Code     0  startup_stm32h747xx_cm7.o(.text)
    I2C3_ER_IRQHandler                       0x08000353   Thumb Code     0  startup_stm32h747xx_cm7.o(.text)
    I2C3_EV_IRQHandler                       0x08000353   Thumb Code     0  startup_stm32h747xx_cm7.o(.text)
    I2C4_ER_IRQHandler                       0x08000353   Thumb Code     0  startup_stm32h747xx_cm7.o(.text)
    I2C4_EV_IRQHandler                       0x08000353   Thumb Code     0  startup_stm32h747xx_cm7.o(.text)
    JPEG_IRQHandler                          0x08000353   Thumb Code     0  startup_stm32h747xx_cm7.o(.text)
    LPTIM1_IRQHandler                        0x08000353   Thumb Code     0  startup_stm32h747xx_cm7.o(.text)
    LPTIM2_IRQHandler                        0x08000353   Thumb Code     0  startup_stm32h747xx_cm7.o(.text)
    LPTIM3_IRQHandler                        0x08000353   Thumb Code     0  startup_stm32h747xx_cm7.o(.text)
    LPTIM4_IRQHandler                        0x08000353   Thumb Code     0  startup_stm32h747xx_cm7.o(.text)
    LPTIM5_IRQHandler                        0x08000353   Thumb Code     0  startup_stm32h747xx_cm7.o(.text)
    LPUART1_IRQHandler                       0x08000353   Thumb Code     0  startup_stm32h747xx_cm7.o(.text)
    LTDC_ER_IRQHandler                       0x08000353   Thumb Code     0  startup_stm32h747xx_cm7.o(.text)
    LTDC_IRQHandler                          0x08000353   Thumb Code     0  startup_stm32h747xx_cm7.o(.text)
    MDIOS_IRQHandler                         0x08000353   Thumb Code     0  startup_stm32h747xx_cm7.o(.text)
    MDIOS_WKUP_IRQHandler                    0x08000353   Thumb Code     0  startup_stm32h747xx_cm7.o(.text)
    MDMA_IRQHandler                          0x08000353   Thumb Code     0  startup_stm32h747xx_cm7.o(.text)
    OTG_FS_EP1_IN_IRQHandler                 0x08000353   Thumb Code     0  startup_stm32h747xx_cm7.o(.text)
    OTG_FS_EP1_OUT_IRQHandler                0x08000353   Thumb Code     0  startup_stm32h747xx_cm7.o(.text)
    OTG_FS_IRQHandler                        0x08000353   Thumb Code     0  startup_stm32h747xx_cm7.o(.text)
    OTG_FS_WKUP_IRQHandler                   0x08000353   Thumb Code     0  startup_stm32h747xx_cm7.o(.text)
    OTG_HS_EP1_IN_IRQHandler                 0x08000353   Thumb Code     0  startup_stm32h747xx_cm7.o(.text)
    OTG_HS_EP1_OUT_IRQHandler                0x08000353   Thumb Code     0  startup_stm32h747xx_cm7.o(.text)
    OTG_HS_IRQHandler                        0x08000353   Thumb Code     0  startup_stm32h747xx_cm7.o(.text)
    OTG_HS_WKUP_IRQHandler                   0x08000353   Thumb Code     0  startup_stm32h747xx_cm7.o(.text)
    PVD_AVD_IRQHandler                       0x08000353   Thumb Code     0  startup_stm32h747xx_cm7.o(.text)
    QUADSPI_IRQHandler                       0x08000353   Thumb Code     0  startup_stm32h747xx_cm7.o(.text)
    RCC_IRQHandler                           0x08000353   Thumb Code     0  startup_stm32h747xx_cm7.o(.text)
    RNG_IRQHandler                           0x08000353   Thumb Code     0  startup_stm32h747xx_cm7.o(.text)
    RTC_Alarm_IRQHandler                     0x08000353   Thumb Code     0  startup_stm32h747xx_cm7.o(.text)
    RTC_WKUP_IRQHandler                      0x08000353   Thumb Code     0  startup_stm32h747xx_cm7.o(.text)
    SAI1_IRQHandler                          0x08000353   Thumb Code     0  startup_stm32h747xx_cm7.o(.text)
    SAI2_IRQHandler                          0x08000353   Thumb Code     0  startup_stm32h747xx_cm7.o(.text)
    SAI3_IRQHandler                          0x08000353   Thumb Code     0  startup_stm32h747xx_cm7.o(.text)
    SAI4_IRQHandler                          0x08000353   Thumb Code     0  startup_stm32h747xx_cm7.o(.text)
    SDMMC1_IRQHandler                        0x08000353   Thumb Code     0  startup_stm32h747xx_cm7.o(.text)
    SDMMC2_IRQHandler                        0x08000353   Thumb Code     0  startup_stm32h747xx_cm7.o(.text)
    SPDIF_RX_IRQHandler                      0x08000353   Thumb Code     0  startup_stm32h747xx_cm7.o(.text)
    SPI1_IRQHandler                          0x08000353   Thumb Code     0  startup_stm32h747xx_cm7.o(.text)
    SPI2_IRQHandler                          0x08000353   Thumb Code     0  startup_stm32h747xx_cm7.o(.text)
    SPI3_IRQHandler                          0x08000353   Thumb Code     0  startup_stm32h747xx_cm7.o(.text)
    SPI4_IRQHandler                          0x08000353   Thumb Code     0  startup_stm32h747xx_cm7.o(.text)
    SPI5_IRQHandler                          0x08000353   Thumb Code     0  startup_stm32h747xx_cm7.o(.text)
    SPI6_IRQHandler                          0x08000353   Thumb Code     0  startup_stm32h747xx_cm7.o(.text)
    SWPMI1_IRQHandler                        0x08000353   Thumb Code     0  startup_stm32h747xx_cm7.o(.text)
    TAMP_STAMP_IRQHandler                    0x08000353   Thumb Code     0  startup_stm32h747xx_cm7.o(.text)
    TIM15_IRQHandler                         0x08000353   Thumb Code     0  startup_stm32h747xx_cm7.o(.text)
    TIM16_IRQHandler                         0x08000353   Thumb Code     0  startup_stm32h747xx_cm7.o(.text)
    TIM17_IRQHandler                         0x08000353   Thumb Code     0  startup_stm32h747xx_cm7.o(.text)
    TIM1_BRK_IRQHandler                      0x08000353   Thumb Code     0  startup_stm32h747xx_cm7.o(.text)
    TIM1_CC_IRQHandler                       0x08000353   Thumb Code     0  startup_stm32h747xx_cm7.o(.text)
    TIM1_TRG_COM_IRQHandler                  0x08000353   Thumb Code     0  startup_stm32h747xx_cm7.o(.text)
    TIM1_UP_IRQHandler                       0x08000353   Thumb Code     0  startup_stm32h747xx_cm7.o(.text)
    TIM2_IRQHandler                          0x08000353   Thumb Code     0  startup_stm32h747xx_cm7.o(.text)
    TIM3_IRQHandler                          0x08000353   Thumb Code     0  startup_stm32h747xx_cm7.o(.text)
    TIM4_IRQHandler                          0x08000353   Thumb Code     0  startup_stm32h747xx_cm7.o(.text)
    TIM5_IRQHandler                          0x08000353   Thumb Code     0  startup_stm32h747xx_cm7.o(.text)
    TIM6_DAC_IRQHandler                      0x08000353   Thumb Code     0  startup_stm32h747xx_cm7.o(.text)
    TIM7_IRQHandler                          0x08000353   Thumb Code     0  startup_stm32h747xx_cm7.o(.text)
    TIM8_BRK_TIM12_IRQHandler                0x08000353   Thumb Code     0  startup_stm32h747xx_cm7.o(.text)
    TIM8_CC_IRQHandler                       0x08000353   Thumb Code     0  startup_stm32h747xx_cm7.o(.text)
    TIM8_UP_TIM13_IRQHandler                 0x08000353   Thumb Code     0  startup_stm32h747xx_cm7.o(.text)
    UART4_IRQHandler                         0x08000353   Thumb Code     0  startup_stm32h747xx_cm7.o(.text)
    UART5_IRQHandler                         0x08000353   Thumb Code     0  startup_stm32h747xx_cm7.o(.text)
    UART7_IRQHandler                         0x08000353   Thumb Code     0  startup_stm32h747xx_cm7.o(.text)
    UART8_IRQHandler                         0x08000353   Thumb Code     0  startup_stm32h747xx_cm7.o(.text)
    USART1_IRQHandler                        0x08000353   Thumb Code     0  startup_stm32h747xx_cm7.o(.text)
    USART2_IRQHandler                        0x08000353   Thumb Code     0  startup_stm32h747xx_cm7.o(.text)
    USART3_IRQHandler                        0x08000353   Thumb Code     0  startup_stm32h747xx_cm7.o(.text)
    USART6_IRQHandler                        0x08000353   Thumb Code     0  startup_stm32h747xx_cm7.o(.text)
    WAKEUP_PIN_IRQHandler                    0x08000353   Thumb Code     0  startup_stm32h747xx_cm7.o(.text)
    WWDG_IRQHandler                          0x08000353   Thumb Code     0  startup_stm32h747xx_cm7.o(.text)
    WWDG_RST_IRQHandler                      0x08000353   Thumb Code     0  startup_stm32h747xx_cm7.o(.text)
    __user_initial_stackheap                 0x08000355   Thumb Code     0  startup_stm32h747xx_cm7.o(.text)
    __aeabi_uldivmod                         0x08000379   Thumb Code     0  lludivv7m.o(.text)
    _ll_udiv                                 0x08000379   Thumb Code   238  lludivv7m.o(.text)
    __aeabi_memclr4                          0x08000467   Thumb Code     0  rt_memclr_w.o(.text)
    __aeabi_memclr8                          0x08000467   Thumb Code     0  rt_memclr_w.o(.text)
    __rt_memclr_w                            0x08000467   Thumb Code    78  rt_memclr_w.o(.text)
    _memset_w                                0x0800046b   Thumb Code     0  rt_memclr_w.o(.text)
    __use_two_region_memory                  0x080004b5   Thumb Code     2  heapauxi.o(.text)
    __rt_heap_escrow$2region                 0x080004b7   Thumb Code     2  heapauxi.o(.text)
    __rt_heap_expand$2region                 0x080004b9   Thumb Code     2  heapauxi.o(.text)
    __user_setup_stackheap                   0x080004bb   Thumb Code    74  sys_stackheap_outer.o(.text)
    exit                                     0x08000505   Thumb Code    18  exit.o(.text)
    __user_libspace                          0x08000519   Thumb Code     8  libspace.o(.text)
    __user_perproc_libspace                  0x08000519   Thumb Code     0  libspace.o(.text)
    __user_perthread_libspace                0x08000519   Thumb Code     0  libspace.o(.text)
    _sys_exit                                0x08000521   Thumb Code     8  sys_exit.o(.text)
    __I$use$semihosting                      0x0800052d   Thumb Code     0  use_no_semi.o(.text)
    __use_no_semihosting_swi                 0x0800052d   Thumb Code     2  use_no_semi.o(.text)
    BusFault_Handler                         0x0800052f   Thumb Code     2  stm32h7xx_it_1.o(i.BusFault_Handler)
    __semihosting_library_function           0x0800052f   Thumb Code     0  indicate_semi.o(.text)
    DCMI_IRQHandler                          0x080005d1   Thumb Code     6  stm32h7xx_it_1.o(i.DCMI_IRQHandler)
    DMA1_Stream0_IRQHandler                  0x080005dd   Thumb Code     6  stm32h7xx_it_1.o(i.DMA1_Stream0_IRQHandler)
    DMA1_Stream1_IRQHandler                  0x080005e9   Thumb Code     6  stm32h7xx_it_1.o(i.DMA1_Stream1_IRQHandler)
    DebugMon_Handler                         0x08000acd   Thumb Code     2  stm32h7xx_it_1.o(i.DebugMon_Handler)
    Error_Handler                            0x08000acf   Thumb Code     4  main_1.o(i.Error_Handler)
    Get_uTick                                0x08000ad5   Thumb Code    20  main_1.o(i.Get_uTick)
    HAL_DCMI_ErrorCallback                   0x08000af1   Thumb Code     2  main_1.o(i.HAL_DCMI_ErrorCallback)
    HAL_DCMI_FrameEventCallback              0x08000af5   Thumb Code    32  main_1.o(i.HAL_DCMI_FrameEventCallback)
    HAL_DCMI_IRQHandler                      0x08000b19   Thumb Code   156  stm32h7xx_hal_dcmi.o(i.HAL_DCMI_IRQHandler)
    HAL_DCMI_Init                            0x08000bb9   Thumb Code   182  stm32h7xx_hal_dcmi.o(i.HAL_DCMI_Init)
    HAL_DCMI_LineEventCallback               0x08000c89   Thumb Code    32  main_1.o(i.HAL_DCMI_LineEventCallback)
    HAL_DCMI_MspInit                         0x08000cad   Thumb Code   366  stm32h7xx_hal_msp_1.o(i.HAL_DCMI_MspInit)
    HAL_DCMI_RegisterCallback                0x08000e41   Thumb Code    88  stm32h7xx_hal_dcmi.o(i.HAL_DCMI_RegisterCallback)
    HAL_DCMI_Start_DMA                       0x08000e99   Thumb Code   226  stm32h7xx_hal_dcmi.o(i.HAL_DCMI_Start_DMA)
    HAL_DCMI_VsyncEventCallback              0x08000f85   Thumb Code    32  main_1.o(i.HAL_DCMI_VsyncEventCallback)
    HAL_DMAEx_ChangeMemory                   0x08000fa9   Thumb Code   134  stm32h7xx_hal_dma_ex.o(i.HAL_DMAEx_ChangeMemory)
    HAL_DMAEx_ConfigMuxSync                  0x08001039   Thumb Code   202  stm32h7xx_hal_dma_ex.o(i.HAL_DMAEx_ConfigMuxSync)
    HAL_DMAEx_MultiBufferStart_IT            0x08001111   Thumb Code  1128  stm32h7xx_hal_dma_ex.o(i.HAL_DMAEx_MultiBufferStart_IT)
    HAL_DMA_Abort_IT                         0x08001579   Thumb Code   602  stm32h7xx_hal_dma.o(i.HAL_DMA_Abort_IT)
    HAL_DMA_IRQHandler                       0x080017fd   Thumb Code  1762  stm32h7xx_hal_dma.o(i.HAL_DMA_IRQHandler)
    HAL_DMA_Init                             0x08001eed   Thumb Code   926  stm32h7xx_hal_dma.o(i.HAL_DMA_Init)
    HAL_DMA_Start_IT                         0x080022b1   Thumb Code   626  stm32h7xx_hal_dma.o(i.HAL_DMA_Start_IT)
    HAL_GPIO_Init                            0x0800254d   Thumb Code   510  stm32h7xx_hal_gpio.o(i.HAL_GPIO_Init)
    HAL_GetREVID                             0x0800277d   Thumb Code     8  stm32h7xx_hal.o(i.HAL_GetREVID)
    HAL_GetTick                              0x08002789   Thumb Code     6  stm32h7xx_hal.o(i.HAL_GetTick)
    HAL_HSEM_FastTake                        0x08002795   Thumb Code    24  stm32h7xx_hal_hsem.o(i.HAL_HSEM_FastTake)
    HAL_HSEM_Release                         0x080027b5   Thumb Code    16  stm32h7xx_hal_hsem.o(i.HAL_HSEM_Release)
    HAL_IncTick                              0x080027c9   Thumb Code    12  stm32h7xx_hal.o(i.HAL_IncTick)
    HAL_Init                                 0x080027d9   Thumb Code    74  stm32h7xx_hal.o(i.HAL_Init)
    HAL_InitTick                             0x08002835   Thumb Code    56  stm32h7xx_hal.o(i.HAL_InitTick)
    HAL_MspInit                              0x08002875   Thumb Code    22  stm32h7xx_hal_msp_1.o(i.HAL_MspInit)
    HAL_NVIC_EnableIRQ                       0x08002891   Thumb Code    26  stm32h7xx_hal_cortex.o(i.HAL_NVIC_EnableIRQ)
    HAL_NVIC_SetPriority                     0x080028ad   Thumb Code    60  stm32h7xx_hal_cortex.o(i.HAL_NVIC_SetPriority)
    HAL_NVIC_SetPriorityGrouping             0x080028ed   Thumb Code    28  stm32h7xx_hal_cortex.o(i.HAL_NVIC_SetPriorityGrouping)
    HAL_PWREx_ConfigSupply                   0x08002911   Thumb Code   128  stm32h7xx_hal_pwr_ex.o(i.HAL_PWREx_ConfigSupply)
    HAL_RCCEx_CRSConfig                      0x08002995   Thumb Code    98  stm32h7xx_hal_rcc_ex.o(i.HAL_RCCEx_CRSConfig)
    HAL_RCCEx_GetD3PCLK1Freq                 0x08002a01   Thumb Code    26  stm32h7xx_hal_rcc_ex.o(i.HAL_RCCEx_GetD3PCLK1Freq)
    HAL_RCCEx_GetPLL2ClockFreq               0x08002a25   Thumb Code   296  stm32h7xx_hal_rcc_ex.o(i.HAL_RCCEx_GetPLL2ClockFreq)
    HAL_RCCEx_GetPLL3ClockFreq               0x08002b69   Thumb Code   296  stm32h7xx_hal_rcc_ex.o(i.HAL_RCCEx_GetPLL3ClockFreq)
    HAL_RCCEx_PeriphCLKConfig                0x08002cad   Thumb Code  2314  stm32h7xx_hal_rcc_ex.o(i.HAL_RCCEx_PeriphCLKConfig)
    HAL_RCC_ClockConfig                      0x080035bd   Thumb Code   580  stm32h7xx_hal_rcc.o(i.HAL_RCC_ClockConfig)
    HAL_RCC_GetHCLKFreq                      0x08003819   Thumb Code    52  stm32h7xx_hal_rcc.o(i.HAL_RCC_GetHCLKFreq)
    HAL_RCC_GetPCLK1Freq                     0x0800385d   Thumb Code    26  stm32h7xx_hal_rcc.o(i.HAL_RCC_GetPCLK1Freq)
    HAL_RCC_GetPCLK2Freq                     0x08003881   Thumb Code    26  stm32h7xx_hal_rcc.o(i.HAL_RCC_GetPCLK2Freq)
    HAL_RCC_GetSysClockFreq                  0x080038a5   Thumb Code   278  stm32h7xx_hal_rcc.o(i.HAL_RCC_GetSysClockFreq)
    HAL_RCC_OscConfig                        0x080039dd   Thumb Code  1282  stm32h7xx_hal_rcc.o(i.HAL_RCC_OscConfig)
    HAL_SYSTICK_Config                       0x08003ee5   Thumb Code    38  stm32h7xx_hal_cortex.o(i.HAL_SYSTICK_Config)
    HAL_TIMEx_Break2Callback                 0x08003f0b   Thumb Code     2  stm32h7xx_hal_tim_ex.o(i.HAL_TIMEx_Break2Callback)
    HAL_TIMEx_BreakCallback                  0x08003f0d   Thumb Code     2  stm32h7xx_hal_tim_ex.o(i.HAL_TIMEx_BreakCallback)
    HAL_TIMEx_CommutCallback                 0x08003f0f   Thumb Code     2  stm32h7xx_hal_tim_ex.o(i.HAL_TIMEx_CommutCallback)
    HAL_TIM_Base_Init                        0x08003f11   Thumb Code    98  stm32h7xx_hal_tim.o(i.HAL_TIM_Base_Init)
    HAL_TIM_Base_MspInit                     0x08003f75   Thumb Code    50  stm32h7xx_hal_msp_1.o(i.HAL_TIM_Base_MspInit)
    HAL_TIM_Base_Start_IT                    0x08003fb1   Thumb Code   100  stm32h7xx_hal_tim.o(i.HAL_TIM_Base_Start_IT)
    HAL_TIM_IC_CaptureCallback               0x08004031   Thumb Code     2  stm32h7xx_hal_tim.o(i.HAL_TIM_IC_CaptureCallback)
    HAL_TIM_IRQHandler                       0x08004033   Thumb Code   386  stm32h7xx_hal_tim.o(i.HAL_TIM_IRQHandler)
    HAL_TIM_OC_ConfigChannel                 0x080041b5   Thumb Code   104  stm32h7xx_hal_tim.o(i.HAL_TIM_OC_ConfigChannel)
    HAL_TIM_OC_DelayElapsedCallback          0x0800421d   Thumb Code     2  stm32h7xx_hal_tim.o(i.HAL_TIM_OC_DelayElapsedCallback)
    HAL_TIM_OC_Init                          0x0800421f   Thumb Code    98  stm32h7xx_hal_tim.o(i.HAL_TIM_OC_Init)
    HAL_TIM_OC_MspInit                       0x08004281   Thumb Code     2  stm32h7xx_hal_tim.o(i.HAL_TIM_OC_MspInit)
    HAL_TIM_PWM_PulseFinishedCallback        0x08004283   Thumb Code     2  stm32h7xx_hal_tim.o(i.HAL_TIM_PWM_PulseFinishedCallback)
    HAL_TIM_PeriodElapsedCallback            0x08004285   Thumb Code    30  main_1.o(i.HAL_TIM_PeriodElapsedCallback)
    HAL_TIM_TriggerCallback                  0x080042ad   Thumb Code     2  stm32h7xx_hal_tim.o(i.HAL_TIM_TriggerCallback)
    HAL_UARTEx_DisableFifoMode               0x080042af   Thumb Code    64  stm32h7xx_hal_uart_ex.o(i.HAL_UARTEx_DisableFifoMode)
    HAL_UARTEx_SetRxFifoThreshold            0x080042ef   Thumb Code    76  stm32h7xx_hal_uart_ex.o(i.HAL_UARTEx_SetRxFifoThreshold)
    HAL_UARTEx_SetTxFifoThreshold            0x0800433b   Thumb Code    76  stm32h7xx_hal_uart_ex.o(i.HAL_UARTEx_SetTxFifoThreshold)
    HAL_UART_Init                            0x08004387   Thumb Code   106  stm32h7xx_hal_uart.o(i.HAL_UART_Init)
    HAL_UART_MspInit                         0x080043f1   Thumb Code   174  stm32h7xx_hal_msp_1.o(i.HAL_UART_MspInit)
    HardFault_Handler                        0x080044b5   Thumb Code     2  stm32h7xx_it_1.o(i.HardFault_Handler)
    MemManage_Handler                        0x08004655   Thumb Code     2  stm32h7xx_it_1.o(i.MemManage_Handler)
    NMI_Handler                              0x08004657   Thumb Code     2  stm32h7xx_it_1.o(i.NMI_Handler)
    PendSV_Handler                           0x08004659   Thumb Code     2  stm32h7xx_it_1.o(i.PendSV_Handler)
    SVC_Handler                              0x0800489d   Thumb Code     2  stm32h7xx_it_1.o(i.SVC_Handler)
    SysTick_Handler                          0x0800489f   Thumb Code     4  stm32h7xx_it_1.o(i.SysTick_Handler)
    SystemClock_Config                       0x080048a5   Thumb Code   212  main_1.o(i.SystemClock_Config)
    SystemInit                               0x08004989   Thumb Code   216  system_stm32h7xx_dualcore_boot_cm4_cm7.o(i.SystemInit)
    TIM8_TRG_COM_TIM14_IRQHandler            0x08004a89   Thumb Code     6  stm32h7xx_it_1.o(i.TIM8_TRG_COM_TIM14_IRQHandler)
    TIM_Base_SetConfig                       0x08004a95   Thumb Code   162  stm32h7xx_hal_tim.o(i.TIM_Base_SetConfig)
    TIM_OC2_SetConfig                        0x08004c01   Thumb Code   126  stm32h7xx_hal_tim.o(i.TIM_OC2_SetConfig)
    UART_AdvFeatureConfig                    0x08004ead   Thumb Code   200  stm32h7xx_hal_uart.o(i.UART_AdvFeatureConfig)
    UART_CheckIdleState                      0x08004f75   Thumb Code    96  stm32h7xx_hal_uart.o(i.UART_CheckIdleState)
    UART_SetConfig                           0x08004fd5   Thumb Code   876  stm32h7xx_hal_uart.o(i.UART_SetConfig)
    UART_WaitOnFlagUntilTimeout              0x08005381   Thumb Code   164  stm32h7xx_hal_uart.o(i.UART_WaitOnFlagUntilTimeout)
    UsageFault_Handler                       0x08005425   Thumb Code     2  stm32h7xx_it_1.o(i.UsageFault_Handler)
    main                                     0x08005449   Thumb Code   200  main_1.o(i.main)
    _fp_init                                 0x0800551d   Thumb Code    10  fpinit.o(x$fpl$fpinit)
    __fplib_config_fpu_vfp                   0x08005525   Thumb Code     0  fpinit.o(x$fpl$fpinit)
    __fplib_config_pureend_doubles           0x08005525   Thumb Code     0  fpinit.o(x$fpl$fpinit)
    UARTPrescTable                           0x0800552e   Data          24  stm32h7xx_hal_uart.o(.constdata)
    D1CorePrescTable                         0x08005556   Data          16  system_stm32h7xx_dualcore_boot_cm4_cm7.o(.constdata)
    Region$$Table$$Base                      0x08005568   Number         0  anon$$obj.o(Region$$Table)
    Region$$Table$$Limit                     0x08005588   Number         0  anon$$obj.o(Region$$Table)
    inter_frames                             0x20000018   Data           8  main_1.o(.data)
    inter_lines                              0x20000020   Data           8  main_1.o(.data)
    inter_vsync                              0x20000028   Data           8  main_1.o(.data)
    utick                                    0x20000030   Data           8  main_1.o(.data)
    uwTickFreq                               0x20000038   Data           1  stm32h7xx_hal.o(.data)
    uwTickPrio                               0x2000003c   Data           4  stm32h7xx_hal.o(.data)
    uwTick                                   0x20000040   Data           4  stm32h7xx_hal.o(.data)
    SystemCoreClock                          0x20000044   Data           4  system_stm32h7xx_dualcore_boot_cm4_cm7.o(.data)
    SystemD2Clock                            0x20000048   Data           4  system_stm32h7xx_dualcore_boot_cm4_cm7.o(.data)
    hdcmi                                    0x2000004c   Data         104  main_1.o(.bss)
    htim14                                   0x200000b4   Data          76  main_1.o(.bss)
    huart1                                   0x20000100   Data         144  main_1.o(.bss)
    hdma_dcmi                                0x20000190   Data         120  main_1.o(.bss)
    hdma_usart1_rx                           0x20000208   Data         120  main_1.o(.bss)
    __libspace_start                         0x20000280   Data          96  libspace.o(.bss)
    __temporary_stack_top$libspace           0x200002e0   Data           0  libspace.o(.bss)



==============================================================================

Memory Map of the image

  Image Entry point : 0x08000299

  Load Region LR_IROM1 (Base: 0x08000000, Size: 0x000055d4, Max: 0x00100000, ABSOLUTE)

    Execution Region ER_IROM1 (Exec base: 0x08000000, Load base: 0x08000000, Size: 0x00005588, Max: 0x00100000, ABSOLUTE)

    Exec Addr    Load Addr    Size         Type   Attr      Idx    E Section Name        Object

    0x08000000   0x08000000   0x00000298   Data   RO            3    RESET               startup_stm32h747xx_cm7.o
    0x08000298   0x08000298   0x00000008   Code   RO         4616  * !!!main             c_w.l(__main.o)
    0x080002a0   0x080002a0   0x00000034   Code   RO         4785    !!!scatter          c_w.l(__scatter.o)
    0x080002d4   0x080002d4   0x0000001a   Code   RO         4787    !!handler_copy      c_w.l(__scatter_copy.o)
    0x080002ee   0x080002ee   0x00000002   PAD
    0x080002f0   0x080002f0   0x0000001c   Code   RO         4789    !!handler_zi        c_w.l(__scatter_zi.o)
    0x0800030c   0x0800030c   0x00000002   Code   RO         4653    .ARM.Collect$$libinit$$00000000  c_w.l(libinit.o)
    0x0800030e   0x0800030e   0x00000004   Code   RO         4665    .ARM.Collect$$libinit$$00000001  c_w.l(libinit2.o)
    0x08000312   0x08000312   0x00000000   Code   RO         4668    .ARM.Collect$$libinit$$00000004  c_w.l(libinit2.o)
    0x08000312   0x08000312   0x00000000   Code   RO         4671    .ARM.Collect$$libinit$$0000000A  c_w.l(libinit2.o)
    0x08000312   0x08000312   0x00000000   Code   RO         4673    .ARM.Collect$$libinit$$0000000C  c_w.l(libinit2.o)
    0x08000312   0x08000312   0x00000000   Code   RO         4675    .ARM.Collect$$libinit$$0000000E  c_w.l(libinit2.o)
    0x08000312   0x08000312   0x00000000   Code   RO         4678    .ARM.Collect$$libinit$$00000011  c_w.l(libinit2.o)
    0x08000312   0x08000312   0x00000000   Code   RO         4680    .ARM.Collect$$libinit$$00000013  c_w.l(libinit2.o)
    0x08000312   0x08000312   0x00000000   Code   RO         4682    .ARM.Collect$$libinit$$00000015  c_w.l(libinit2.o)
    0x08000312   0x08000312   0x00000000   Code   RO         4684    .ARM.Collect$$libinit$$00000017  c_w.l(libinit2.o)
    0x08000312   0x08000312   0x00000000   Code   RO         4686    .ARM.Collect$$libinit$$00000019  c_w.l(libinit2.o)
    0x08000312   0x08000312   0x00000000   Code   RO         4688    .ARM.Collect$$libinit$$0000001B  c_w.l(libinit2.o)
    0x08000312   0x08000312   0x00000000   Code   RO         4690    .ARM.Collect$$libinit$$0000001D  c_w.l(libinit2.o)
    0x08000312   0x08000312   0x00000000   Code   RO         4692    .ARM.Collect$$libinit$$0000001F  c_w.l(libinit2.o)
    0x08000312   0x08000312   0x00000000   Code   RO         4694    .ARM.Collect$$libinit$$00000021  c_w.l(libinit2.o)
    0x08000312   0x08000312   0x00000000   Code   RO         4696    .ARM.Collect$$libinit$$00000023  c_w.l(libinit2.o)
    0x08000312   0x08000312   0x00000000   Code   RO         4698    .ARM.Collect$$libinit$$00000025  c_w.l(libinit2.o)
    0x08000312   0x08000312   0x00000000   Code   RO         4702    .ARM.Collect$$libinit$$0000002C  c_w.l(libinit2.o)
    0x08000312   0x08000312   0x00000000   Code   RO         4704    .ARM.Collect$$libinit$$0000002E  c_w.l(libinit2.o)
    0x08000312   0x08000312   0x00000000   Code   RO         4706    .ARM.Collect$$libinit$$00000030  c_w.l(libinit2.o)
    0x08000312   0x08000312   0x00000000   Code   RO         4708    .ARM.Collect$$libinit$$00000032  c_w.l(libinit2.o)
    0x08000312   0x08000312   0x00000002   Code   RO         4709    .ARM.Collect$$libinit$$00000033  c_w.l(libinit2.o)
    0x08000314   0x08000314   0x00000002   Code   RO         4740    .ARM.Collect$$libshutdown$$00000000  c_w.l(libshutdown.o)
    0x08000316   0x08000316   0x00000000   Code   RO         4766    .ARM.Collect$$libshutdown$$00000002  c_w.l(libshutdown2.o)
    0x08000316   0x08000316   0x00000000   Code   RO         4768    .ARM.Collect$$libshutdown$$00000004  c_w.l(libshutdown2.o)
    0x08000316   0x08000316   0x00000000   Code   RO         4770    .ARM.Collect$$libshutdown$$00000006  c_w.l(libshutdown2.o)
    0x08000316   0x08000316   0x00000000   Code   RO         4773    .ARM.Collect$$libshutdown$$00000009  c_w.l(libshutdown2.o)
    0x08000316   0x08000316   0x00000000   Code   RO         4776    .ARM.Collect$$libshutdown$$0000000C  c_w.l(libshutdown2.o)
    0x08000316   0x08000316   0x00000000   Code   RO         4778    .ARM.Collect$$libshutdown$$0000000E  c_w.l(libshutdown2.o)
    0x08000316   0x08000316   0x00000000   Code   RO         4781    .ARM.Collect$$libshutdown$$00000011  c_w.l(libshutdown2.o)
    0x08000316   0x08000316   0x00000002   Code   RO         4782    .ARM.Collect$$libshutdown$$00000012  c_w.l(libshutdown2.o)
    0x08000318   0x08000318   0x00000000   Code   RO         4618    .ARM.Collect$$rtentry$$00000000  c_w.l(__rtentry.o)
    0x08000318   0x08000318   0x00000000   Code   RO         4624    .ARM.Collect$$rtentry$$00000002  c_w.l(__rtentry2.o)
    0x08000318   0x08000318   0x00000006   Code   RO         4636    .ARM.Collect$$rtentry$$00000004  c_w.l(__rtentry4.o)
    0x0800031e   0x0800031e   0x00000000   Code   RO         4626    .ARM.Collect$$rtentry$$00000009  c_w.l(__rtentry2.o)
    0x0800031e   0x0800031e   0x00000004   Code   RO         4627    .ARM.Collect$$rtentry$$0000000A  c_w.l(__rtentry2.o)
    0x08000322   0x08000322   0x00000000   Code   RO         4629    .ARM.Collect$$rtentry$$0000000C  c_w.l(__rtentry2.o)
    0x08000322   0x08000322   0x00000008   Code   RO         4630    .ARM.Collect$$rtentry$$0000000D  c_w.l(__rtentry2.o)
    0x0800032a   0x0800032a   0x00000002   Code   RO         4657    .ARM.Collect$$rtexit$$00000000  c_w.l(rtexit.o)
    0x0800032c   0x0800032c   0x00000000   Code   RO         4713    .ARM.Collect$$rtexit$$00000002  c_w.l(rtexit2.o)
    0x0800032c   0x0800032c   0x00000004   Code   RO         4714    .ARM.Collect$$rtexit$$00000003  c_w.l(rtexit2.o)
    0x08000330   0x08000330   0x00000006   Code   RO         4715    .ARM.Collect$$rtexit$$00000004  c_w.l(rtexit2.o)
    0x08000336   0x08000336   0x00000002   PAD
    0x08000338   0x08000338   0x00000040   Code   RO            4    .text               startup_stm32h747xx_cm7.o
    0x08000378   0x08000378   0x000000ee   Code   RO         4610    .text               c_w.l(lludivv7m.o)
    0x08000466   0x08000466   0x0000004e   Code   RO         4612    .text               c_w.l(rt_memclr_w.o)
    0x080004b4   0x080004b4   0x00000006   Code   RO         4614    .text               c_w.l(heapauxi.o)
    0x080004ba   0x080004ba   0x0000004a   Code   RO         4640    .text               c_w.l(sys_stackheap_outer.o)
    0x08000504   0x08000504   0x00000012   Code   RO         4642    .text               c_w.l(exit.o)
    0x08000516   0x08000516   0x00000002   PAD
    0x08000518   0x08000518   0x00000008   Code   RO         4654    .text               c_w.l(libspace.o)
    0x08000520   0x08000520   0x0000000c   Code   RO         4710    .text               c_w.l(sys_exit.o)
    0x0800052c   0x0800052c   0x00000002   Code   RO         4729    .text               c_w.l(use_no_semi.o)
    0x0800052e   0x0800052e   0x00000000   Code   RO         4731    .text               c_w.l(indicate_semi.o)
    0x0800052e   0x0800052e   0x00000002   Code   RO          228    i.BusFault_Handler  stm32h7xx_it_1.o
    0x08000530   0x08000530   0x0000001c   Code   RO          530    i.DCMI_DMAError     stm32h7xx_hal_dcmi.o
    0x0800054c   0x0800054c   0x00000084   Code   RO          531    i.DCMI_DMAXferCplt  stm32h7xx_hal_dcmi.o
    0x080005d0   0x080005d0   0x0000000c   Code   RO          229    i.DCMI_IRQHandler   stm32h7xx_it_1.o
    0x080005dc   0x080005dc   0x0000000c   Code   RO          230    i.DMA1_Stream0_IRQHandler  stm32h7xx_it_1.o
    0x080005e8   0x080005e8   0x0000000c   Code   RO          231    i.DMA1_Stream1_IRQHandler  stm32h7xx_it_1.o
    0x080005f4   0x080005f4   0x000000b4   Code   RO         1332    i.DMA_CalcBaseAndBitshift  stm32h7xx_hal_dma.o
    0x080006a8   0x080006a8   0x0000009c   Code   RO         1333    i.DMA_CalcDMAMUXChannelBaseAndMask  stm32h7xx_hal_dma.o
    0x08000744   0x08000744   0x00000074   Code   RO         1334    i.DMA_CalcDMAMUXRequestGenBaseAndMask  stm32h7xx_hal_dma.o
    0x080007b8   0x080007b8   0x00000054   Code   RO         1335    i.DMA_CheckFifoParam  stm32h7xx_hal_dma.o
    0x0800080c   0x0800080c   0x000000a0   Code   RO         1448    i.DMA_MultiBufferSetConfig  stm32h7xx_hal_dma_ex.o
    0x080008ac   0x080008ac   0x00000220   Code   RO         1336    i.DMA_SetConfig     stm32h7xx_hal_dma.o
    0x08000acc   0x08000acc   0x00000002   Code   RO          232    i.DebugMon_Handler  stm32h7xx_it_1.o
    0x08000ace   0x08000ace   0x00000004   Code   RO           13    i.Error_Handler     main_1.o
    0x08000ad2   0x08000ad2   0x00000002   PAD
    0x08000ad4   0x08000ad4   0x0000001c   Code   RO           14    i.Get_uTick         main_1.o
    0x08000af0   0x08000af0   0x00000002   Code   RO           15    i.HAL_DCMI_ErrorCallback  main_1.o
    0x08000af2   0x08000af2   0x00000002   PAD
    0x08000af4   0x08000af4   0x00000024   Code   RO           16    i.HAL_DCMI_FrameEventCallback  main_1.o
    0x08000b18   0x08000b18   0x000000a0   Code   RO          541    i.HAL_DCMI_IRQHandler  stm32h7xx_hal_dcmi.o
    0x08000bb8   0x08000bb8   0x000000d0   Code   RO          542    i.HAL_DCMI_Init     stm32h7xx_hal_dcmi.o
    0x08000c88   0x08000c88   0x00000024   Code   RO           17    i.HAL_DCMI_LineEventCallback  main_1.o
    0x08000cac   0x08000cac   0x00000194   Code   RO          329    i.HAL_DCMI_MspInit  stm32h7xx_hal_msp_1.o
    0x08000e40   0x08000e40   0x00000058   Code   RO          546    i.HAL_DCMI_RegisterCallback  stm32h7xx_hal_dcmi.o
    0x08000e98   0x08000e98   0x000000ec   Code   RO          548    i.HAL_DCMI_Start_DMA  stm32h7xx_hal_dcmi.o
    0x08000f84   0x08000f84   0x00000024   Code   RO           18    i.HAL_DCMI_VsyncEventCallback  main_1.o
    0x08000fa8   0x08000fa8   0x00000090   Code   RO         1449    i.HAL_DMAEx_ChangeMemory  stm32h7xx_hal_dma_ex.o
    0x08001038   0x08001038   0x000000d8   Code   RO         1451    i.HAL_DMAEx_ConfigMuxSync  stm32h7xx_hal_dma_ex.o
    0x08001110   0x08001110   0x00000468   Code   RO         1456    i.HAL_DMAEx_MultiBufferStart_IT  stm32h7xx_hal_dma_ex.o
    0x08001578   0x08001578   0x00000284   Code   RO         1338    i.HAL_DMA_Abort_IT  stm32h7xx_hal_dma.o
    0x080017fc   0x080017fc   0x000006f0   Code   RO         1342    i.HAL_DMA_IRQHandler  stm32h7xx_hal_dma.o
    0x08001eec   0x08001eec   0x000003c4   Code   RO         1343    i.HAL_DMA_Init      stm32h7xx_hal_dma.o
    0x080022b0   0x080022b0   0x0000029c   Code   RO         1347    i.HAL_DMA_Start_IT  stm32h7xx_hal_dma.o
    0x0800254c   0x0800254c   0x00000230   Code   RO         1185    i.HAL_GPIO_Init     stm32h7xx_hal_gpio.o
    0x0800277c   0x0800277c   0x0000000c   Code   RO         2083    i.HAL_GetREVID      stm32h7xx_hal.o
    0x08002788   0x08002788   0x0000000c   Code   RO         2084    i.HAL_GetTick       stm32h7xx_hal.o
    0x08002794   0x08002794   0x00000020   Code   RO         1250    i.HAL_HSEM_FastTake  stm32h7xx_hal_hsem.o
    0x080027b4   0x080027b4   0x00000014   Code   RO         1255    i.HAL_HSEM_Release  stm32h7xx_hal_hsem.o
    0x080027c8   0x080027c8   0x00000010   Code   RO         2090    i.HAL_IncTick       stm32h7xx_hal.o
    0x080027d8   0x080027d8   0x0000005c   Code   RO         2091    i.HAL_Init          stm32h7xx_hal.o
    0x08002834   0x08002834   0x00000040   Code   RO         2092    i.HAL_InitTick      stm32h7xx_hal.o
    0x08002874   0x08002874   0x0000001c   Code   RO          330    i.HAL_MspInit       stm32h7xx_hal_msp_1.o
    0x08002890   0x08002890   0x0000001a   Code   RO          395    i.HAL_NVIC_EnableIRQ  stm32h7xx_hal_cortex.o
    0x080028aa   0x080028aa   0x00000002   PAD
    0x080028ac   0x080028ac   0x00000040   Code   RO          401    i.HAL_NVIC_SetPriority  stm32h7xx_hal_cortex.o
    0x080028ec   0x080028ec   0x00000024   Code   RO          402    i.HAL_NVIC_SetPriorityGrouping  stm32h7xx_hal_cortex.o
    0x08002910   0x08002910   0x00000084   Code   RO         1787    i.HAL_PWREx_ConfigSupply  stm32h7xx_hal_pwr_ex.o
    0x08002994   0x08002994   0x0000006c   Code   RO          786    i.HAL_RCCEx_CRSConfig  stm32h7xx_hal_rcc_ex.o
    0x08002a00   0x08002a00   0x00000024   Code   RO          801    i.HAL_RCCEx_GetD3PCLK1Freq  stm32h7xx_hal_rcc_ex.o
    0x08002a24   0x08002a24   0x00000144   Code   RO          803    i.HAL_RCCEx_GetPLL2ClockFreq  stm32h7xx_hal_rcc_ex.o
    0x08002b68   0x08002b68   0x00000144   Code   RO          804    i.HAL_RCCEx_GetPLL3ClockFreq  stm32h7xx_hal_rcc_ex.o
    0x08002cac   0x08002cac   0x00000910   Code   RO          810    i.HAL_RCCEx_PeriphCLKConfig  stm32h7xx_hal_rcc_ex.o
    0x080035bc   0x080035bc   0x0000025c   Code   RO          685    i.HAL_RCC_ClockConfig  stm32h7xx_hal_rcc.o
    0x08003818   0x08003818   0x00000044   Code   RO          690    i.HAL_RCC_GetHCLKFreq  stm32h7xx_hal_rcc.o
    0x0800385c   0x0800385c   0x00000024   Code   RO          692    i.HAL_RCC_GetPCLK1Freq  stm32h7xx_hal_rcc.o
    0x08003880   0x08003880   0x00000024   Code   RO          693    i.HAL_RCC_GetPCLK2Freq  stm32h7xx_hal_rcc.o
    0x080038a4   0x080038a4   0x00000138   Code   RO          694    i.HAL_RCC_GetSysClockFreq  stm32h7xx_hal_rcc.o
    0x080039dc   0x080039dc   0x00000508   Code   RO          697    i.HAL_RCC_OscConfig  stm32h7xx_hal_rcc.o
    0x08003ee4   0x08003ee4   0x00000026   Code   RO          406    i.HAL_SYSTICK_Config  stm32h7xx_hal_cortex.o
    0x08003f0a   0x08003f0a   0x00000002   Code   RO         3751    i.HAL_TIMEx_Break2Callback  stm32h7xx_hal_tim_ex.o
    0x08003f0c   0x08003f0c   0x00000002   Code   RO         3752    i.HAL_TIMEx_BreakCallback  stm32h7xx_hal_tim_ex.o
    0x08003f0e   0x08003f0e   0x00000002   Code   RO         3753    i.HAL_TIMEx_CommutCallback  stm32h7xx_hal_tim_ex.o
    0x08003f10   0x08003f10   0x00000062   Code   RO         3037    i.HAL_TIM_Base_Init  stm32h7xx_hal_tim.o
    0x08003f72   0x08003f72   0x00000002   PAD
    0x08003f74   0x08003f74   0x0000003c   Code   RO          332    i.HAL_TIM_Base_MspInit  stm32h7xx_hal_msp_1.o
    0x08003fb0   0x08003fb0   0x00000080   Code   RO         3042    i.HAL_TIM_Base_Start_IT  stm32h7xx_hal_tim.o
    0x08004030   0x08004030   0x00000002   Code   RO         3071    i.HAL_TIM_IC_CaptureCallback  stm32h7xx_hal_tim.o
    0x08004032   0x08004032   0x00000182   Code   RO         3085    i.HAL_TIM_IRQHandler  stm32h7xx_hal_tim.o
    0x080041b4   0x080041b4   0x00000068   Code   RO         3086    i.HAL_TIM_OC_ConfigChannel  stm32h7xx_hal_tim.o
    0x0800421c   0x0800421c   0x00000002   Code   RO         3088    i.HAL_TIM_OC_DelayElapsedCallback  stm32h7xx_hal_tim.o
    0x0800421e   0x0800421e   0x00000062   Code   RO         3090    i.HAL_TIM_OC_Init   stm32h7xx_hal_tim.o
    0x08004280   0x08004280   0x00000002   Code   RO         3092    i.HAL_TIM_OC_MspInit  stm32h7xx_hal_tim.o
    0x08004282   0x08004282   0x00000002   Code   RO         3115    i.HAL_TIM_PWM_PulseFinishedCallback  stm32h7xx_hal_tim.o
    0x08004284   0x08004284   0x00000028   Code   RO           19    i.HAL_TIM_PeriodElapsedCallback  main_1.o
    0x080042ac   0x080042ac   0x00000002   Code   RO         3128    i.HAL_TIM_TriggerCallback  stm32h7xx_hal_tim.o
    0x080042ae   0x080042ae   0x00000040   Code   RO         4462    i.HAL_UARTEx_DisableFifoMode  stm32h7xx_hal_uart_ex.o
    0x080042ee   0x080042ee   0x0000004c   Code   RO         4470    i.HAL_UARTEx_SetRxFifoThreshold  stm32h7xx_hal_uart_ex.o
    0x0800433a   0x0800433a   0x0000004c   Code   RO         4471    i.HAL_UARTEx_SetTxFifoThreshold  stm32h7xx_hal_uart_ex.o
    0x08004386   0x08004386   0x0000006a   Code   RO         4071    i.HAL_UART_Init     stm32h7xx_hal_uart.o
    0x080043f0   0x080043f0   0x000000c4   Code   RO          334    i.HAL_UART_MspInit  stm32h7xx_hal_msp_1.o
    0x080044b4   0x080044b4   0x00000002   Code   RO          233    i.HardFault_Handler  stm32h7xx_it_1.o
    0x080044b6   0x080044b6   0x00000002   PAD
    0x080044b8   0x080044b8   0x00000044   Code   RO           20    i.MX_DCMI_Init      main_1.o
    0x080044fc   0x080044fc   0x00000094   Code   RO           21    i.MX_GPIO_Init      main_1.o
    0x08004590   0x08004590   0x00000060   Code   RO           22    i.MX_TIM14_Init     main_1.o
    0x080045f0   0x080045f0   0x00000064   Code   RO           23    i.MX_USART1_UART_Init  main_1.o
    0x08004654   0x08004654   0x00000002   Code   RO          234    i.MemManage_Handler  stm32h7xx_it_1.o
    0x08004656   0x08004656   0x00000002   Code   RO          235    i.NMI_Handler       stm32h7xx_it_1.o
    0x08004658   0x08004658   0x00000002   Code   RO          236    i.PendSV_Handler    stm32h7xx_it_1.o
    0x0800465a   0x0800465a   0x00000002   PAD
    0x0800465c   0x0800465c   0x00000120   Code   RO          813    i.RCCEx_PLL2_Config  stm32h7xx_hal_rcc_ex.o
    0x0800477c   0x0800477c   0x00000120   Code   RO          814    i.RCCEx_PLL3_Config  stm32h7xx_hal_rcc_ex.o
    0x0800489c   0x0800489c   0x00000002   Code   RO          237    i.SVC_Handler       stm32h7xx_it_1.o
    0x0800489e   0x0800489e   0x00000004   Code   RO          238    i.SysTick_Handler   stm32h7xx_it_1.o
    0x080048a2   0x080048a2   0x00000002   PAD
    0x080048a4   0x080048a4   0x000000e4   Code   RO           24    i.SystemClock_Config  main_1.o
    0x08004988   0x08004988   0x00000100   Code   RO         4575    i.SystemInit        system_stm32h7xx_dualcore_boot_cm4_cm7.o
    0x08004a88   0x08004a88   0x0000000c   Code   RO          239    i.TIM8_TRG_COM_TIM14_IRQHandler  stm32h7xx_it_1.o
    0x08004a94   0x08004a94   0x000000c4   Code   RO         3130    i.TIM_Base_SetConfig  stm32h7xx_hal_tim.o
    0x08004b58   0x08004b58   0x000000a8   Code   RO         3143    i.TIM_OC1_SetConfig  stm32h7xx_hal_tim.o
    0x08004c00   0x08004c00   0x00000098   Code   RO         3144    i.TIM_OC2_SetConfig  stm32h7xx_hal_tim.o
    0x08004c98   0x08004c98   0x0000008c   Code   RO         3145    i.TIM_OC3_SetConfig  stm32h7xx_hal_tim.o
    0x08004d24   0x08004d24   0x0000006c   Code   RO         3146    i.TIM_OC4_SetConfig  stm32h7xx_hal_tim.o
    0x08004d90   0x08004d90   0x0000006c   Code   RO         3147    i.TIM_OC5_SetConfig  stm32h7xx_hal_tim.o
    0x08004dfc   0x08004dfc   0x0000006c   Code   RO         3148    i.TIM_OC6_SetConfig  stm32h7xx_hal_tim.o
    0x08004e68   0x08004e68   0x00000044   Code   RO         4475    i.UARTEx_SetNbDataToProcess  stm32h7xx_hal_uart_ex.o
    0x08004eac   0x08004eac   0x000000c8   Code   RO         4085    i.UART_AdvFeatureConfig  stm32h7xx_hal_uart.o
    0x08004f74   0x08004f74   0x00000060   Code   RO         4086    i.UART_CheckIdleState  stm32h7xx_hal_uart.o
    0x08004fd4   0x08004fd4   0x000003ac   Code   RO         4103    i.UART_SetConfig    stm32h7xx_hal_uart.o
    0x08005380   0x08005380   0x000000a4   Code   RO         4110    i.UART_WaitOnFlagUntilTimeout  stm32h7xx_hal_uart.o
    0x08005424   0x08005424   0x00000002   Code   RO          240    i.UsageFault_Handler  stm32h7xx_it_1.o
    0x08005426   0x08005426   0x00000022   Code   RO          408    i.__NVIC_SetPriority  stm32h7xx_hal_cortex.o
    0x08005448   0x08005448   0x000000d4   Code   RO           25    i.main              main_1.o
    0x0800551c   0x0800551c   0x0000000a   Code   RO         4725    x$fpl$fpinit        fz_wv.l(fpinit.o)
    0x08005526   0x08005526   0x00000008   Data   RO         1349    .constdata          stm32h7xx_hal_dma.o
    0x0800552e   0x0800552e   0x00000018   Data   RO         4111    .constdata          stm32h7xx_hal_uart.o
    0x08005546   0x08005546   0x00000010   Data   RO         4476    .constdata          stm32h7xx_hal_uart_ex.o
    0x08005556   0x08005556   0x00000010   Data   RO         4576    .constdata          system_stm32h7xx_dualcore_boot_cm4_cm7.o
    0x08005566   0x08005566   0x00000002   PAD
    0x08005568   0x08005568   0x00000020   Data   RO         4783    Region$$Table       anon$$obj.o


    Execution Region RW_IRAM1 (Exec base: 0x20000000, Load base: 0x08005588, Size: 0x000008e0, Max: 0x00020000, ABSOLUTE)

    Exec Addr    Load Addr    Size         Type   Attr      Idx    E Section Name        Object

    0x20000000   0x08005588   0x00000038   Data   RW           29    .data               main_1.o
    0x20000038   0x080055c0   0x0000000c   Data   RW         2118    .data               stm32h7xx_hal.o
    0x20000044   0x080055cc   0x00000008   Data   RW         4577    .data               system_stm32h7xx_dualcore_boot_cm4_cm7.o
    0x2000004c        -       0x00000144   Zero   RW           26    .bss                main_1.o
    0x20000190        -       0x00000078   Zero   RW           27    .bss                main_1.o
    0x20000208        -       0x00000078   Zero   RW           28    .bss                main_1.o
    0x20000280        -       0x00000060   Zero   RW         4655    .bss                c_w.l(libspace.o)
    0x200002e0        -       0x00000200   Zero   RW            2    HEAP                startup_stm32h747xx_cm7.o
    0x200004e0        -       0x00000400   Zero   RW            1    STACK               startup_stm32h747xx_cm7.o


==============================================================================

Image component sizes


      Code (inc. data)   RO Data    RW Data    ZI Data      Debug   Object Name

      1034         92          0         56        564    1550114   main_1.o
        64         26        664          0       1536        852   startup_stm32h747xx_cm7.o
       196         40          0         12          0      30632   stm32h7xx_hal.o
       198         12          0          0          0      39599   stm32h7xx_hal_cortex.o
       852         46          0          0          0       5379   stm32h7xx_hal_dcmi.o
      5132        218          8          0          0      10802   stm32h7xx_hal_dma.o
      1648         70          0          0          0       4423   stm32h7xx_hal_dma_ex.o
       560         50          0          0          0       2104   stm32h7xx_hal_gpio.o
        52         12          0          0          0       1251   stm32h7xx_hal_hsem.o
       688         76          0          0          0       3550   stm32h7xx_hal_msp_1.o
       132          4          0          0          0        841   stm32h7xx_hal_pwr_ex.o
      2344        108          0          0          0       7116   stm32h7xx_hal_rcc.o
      3688        138          0          0          0       8635   stm32h7xx_hal_rcc_ex.o
      1804        196          0          0          0      13627   stm32h7xx_hal_tim.o
         6          0          0          0          0       2280   stm32h7xx_hal_tim_ex.o
      1506        106         24          0          0      24690   stm32h7xx_hal_uart.o
       284          6         16          0          0       3813   stm32h7xx_hal_uart_ex.o
        68         24          0          0          0       6168   stm32h7xx_it_1.o
       256         40         16          8          0       1682   system_stm32h7xx_dualcore_boot_cm4_cm7.o

    ----------------------------------------------------------------------
     20526       1264        762         76       2100    1717558   Object Totals
         0          0         32          0          0          0   (incl. Generated)
        14          0          2          0          0          0   (incl. Padding)

    ----------------------------------------------------------------------

      Code (inc. data)   RO Data    RW Data    ZI Data      Debug   Library Member Name

         8          0          0          0          0         68   __main.o
         0          0          0          0          0          0   __rtentry.o
        12          0          0          0          0          0   __rtentry2.o
         6          0          0          0          0          0   __rtentry4.o
        52          8          0          0          0          0   __scatter.o
        26          0          0          0          0          0   __scatter_copy.o
        28          0          0          0          0          0   __scatter_zi.o
        18          0          0          0          0         80   exit.o
         6          0          0          0          0        152   heapauxi.o
         0          0          0          0          0          0   indicate_semi.o
         2          0          0          0          0          0   libinit.o
         6          0          0          0          0          0   libinit2.o
         2          0          0          0          0          0   libshutdown.o
         2          0          0          0          0          0   libshutdown2.o
         8          4          0          0         96         68   libspace.o
       238          0          0          0          0        100   lludivv7m.o
        78          0          0          0          0         80   rt_memclr_w.o
         2          0          0          0          0          0   rtexit.o
        10          0          0          0          0          0   rtexit2.o
        12          4          0          0          0         68   sys_exit.o
        74          0          0          0          0         80   sys_stackheap_outer.o
         2          0          0          0          0         68   use_no_semi.o
        10          0          0          0          0        116   fpinit.o

    ----------------------------------------------------------------------
       608         16          0          0         96        880   Library Totals
         6          0          0          0          0          0   (incl. Padding)

    ----------------------------------------------------------------------

      Code (inc. data)   RO Data    RW Data    ZI Data      Debug   Library Name

       592         16          0          0         96        764   c_w.l
        10          0          0          0          0        116   fz_wv.l

    ----------------------------------------------------------------------
       608         16          0          0         96        880   Library Totals

    ----------------------------------------------------------------------

==============================================================================


      Code (inc. data)   RO Data    RW Data    ZI Data      Debug   

     21134       1280        762         76       2196    1708578   Grand Totals
     21134       1280        762         76       2196    1708578   ELF Image Totals
     21134       1280        762         76          0          0   ROM Totals

==============================================================================

    Total RO  Size (Code + RO Data)                21896 (  21.38kB)
    Total RW  Size (RW Data + ZI Data)              2272 (   2.22kB)
    Total ROM Size (Code + RO Data + RW Data)      21972 (  21.46kB)

==============================================================================

